 xinput1_3

 Timestamp is 5b98ce04 (Wed Sep 12 10:27:48 2018)

 Preferred load address is 0000000180000000

 Start         Length     Name                   Class
 0001:00000000 00031f10H .textbss                DATA
 0002:00000000 00005210H .text$di                CODE
 0002:00005210 0005f570H .text$mn                CODE
 0002:00064780 00001020H .text$mn$00             CODE
 0002:000657a0 00007910H .text$x                 CODE
 0002:0006d0b0 00001104H .text$yd                CODE
 0003:00000000 00000110H .CRT$XCA                DATA
 0003:00000110 00000110H .CRT$XCU                DATA
 0003:00000220 00000110H .CRT$XCZ                DATA
 0003:00000330 00000110H .CRT$XIA                DATA
 0003:00000440 00000110H .CRT$XIC                DATA
 0003:00000550 00000110H .CRT$XIZ                DATA
 0003:00000660 00000008H .CRT$XLA                DATA
 0003:00000668 00000008H .CRT$XLZ                DATA
 0003:00000670 00000110H .CRT$XPA                DATA
 0003:00000780 00000110H .CRT$XPZ                DATA
 0003:00000890 00000110H .CRT$XTA                DATA
 0003:000009a0 00000110H .CRT$XTZ                DATA
 0003:00000ab0 00018520H .rdata                  DATA
 0003:00018fd0 00000130H .rdata$T                DATA
 0003:00019100 00000e80H .rdata$r                DATA
 0003:00019f80 00000188H .rdata$zzzdbg           DATA
 0003:0001a108 00000110H .rtc$IAA                DATA
 0003:0001a218 000002c0H .rtc$IMZ                DATA
 0003:0001a4d8 00000110H .rtc$IZZ                DATA
 0003:0001a5e8 00000110H .rtc$TAA                DATA
 0003:0001a6f8 000002c0H .rtc$TMZ                DATA
 0003:0001a9b8 00000118H .rtc$TZZ                DATA
 0003:0001aad0 0000e4d0H .xdata                  DATA
 0003:00028fa0 00000210H .xdata$x                DATA
 0003:000291b0 00000730H .edata                  DATA
 0004:00000000 000017c0H .data                   DATA
 0004:000017c0 000006e0H .data$r                 DATA
 0004:00001ea0 00000c01H .bss                    DATA
 0005:00000000 0000978cH .pdata                  DATA
 0006:00000000 00000c88H .idata$5                DATA
 0006:00000c88 00000104H .idata$2                DATA
 0006:00000d8c 00000014H .idata$3                DATA
 0006:00000da0 00000c88H .idata$4                DATA
 0006:00001a28 00001bf5H .idata$6                DATA
 0007:00000000 00000104H .tls                    DATA
 0007:00000104 00000104H .tls$                   DATA
 0007:00000208 00000101H .tls$ZZZ                DATA
 0008:00000000 00000160H .gfids$y                DATA
 0009:00000000 0000011bH .00cfg                  DATA
 000a:00000000 000001c0H .rsrc$01                DATA
 000a:000001c0 000006c6H .rsrc$02                DATA

  Address         Publics by Value              Rva+Base               Lib:Object

 0000:00000000       __guard_iat_table          0000000000000000     <absolute>
 0000:00000000       __guard_fids_table         0000000000000000     <absolute>
 0000:00000000       __guard_longjmp_count      0000000000000000     <absolute>
 0000:00000000       __dynamic_value_reloc_table 0000000000000000     <absolute>
 0000:00000000       __guard_iat_count          0000000000000000     <absolute>
 0000:00000000       __guard_longjmp_table      0000000000000000     <absolute>
 0000:00000000       __guard_fids_count         0000000000000000     <absolute>
 0000:00000100       __guard_flags              0000000000000100     <absolute>
 0000:00000000       __ImageBase                0000000180000000     <linker-defined>
 0001:00000000       __enc$textbss$begin        0000000180001000     <linker-defined>
 0001:00031f10       __enc$textbss$end          0000000180032f10     <linker-defined>
 0002:00005210       ??0ControllerBase@@QEAA@I@Z 0000000180038210 f   ControllerBase.obj
 0002:000052d0       ??1ControllerBase@@UEAA@XZ 00000001800382d0 f   ControllerBase.obj
 0002:000052f0       ?CancelGuideButtonWait@ControllerBase@@UEAAKXZ 00000001800382f0 f   ControllerBase.obj
 0002:00005350       ?GetAudioDeviceIds@ControllerBase@@UEAAKPEA_WPEAI01@Z 0000000180038350 f   ControllerBase.obj
 0002:000053e0       ?GetBatteryInformation@ControllerBase@@UEAAKEPEAU_XINPUT_BATTERY_INFORMATION@@@Z 00000001800383e0 f   ControllerBase.obj
 0002:00005460       ?GetBaseBusInformation@ControllerBase@@UEAAKPEAUXINPUT_BUSINFO@@@Z 0000000180038460 f   ControllerBase.obj
 0002:000054d0       ?GetCapabilities@ControllerBase@@UEAAKKPEAU_XINPUT_CAPABILITIES@@@Z 00000001800384d0 f   ControllerBase.obj
 0002:00005690       ?GetCapabilitiesEx@ControllerBase@@UEAAKKKPEAUXINPUT_CAPABILITIESEX@@@Z 0000000180038690 f   ControllerBase.obj
 0002:00005720       ?GetDSoundAudioDeviceGuids@ControllerBase@@UEAAKPEAU_GUID@@0@Z 0000000180038720 f   ControllerBase.obj
 0002:000057c0       ?GetKeystroke@ControllerBase@@UEAAKKPEAU_XINPUT_KEYSTROKE@@@Z 00000001800387c0 f   ControllerBase.obj
 0002:00005b00       ?GetStateEx@ControllerBase@@UEAAKPEAU_XINPUT_STATE@@@Z 0000000180038b00 f   ControllerBase.obj
 0002:00005b70       ?PowerOffController@ControllerBase@@UEAAKXZ 0000000180038b70 f   ControllerBase.obj
 0002:00005bd0       ?SetState@ControllerBase@@UEAAKPEAU_XINPUT_VIBRATION@@@Z 0000000180038bd0 f   ControllerBase.obj
 0002:00005c90       ?WaitForGuideButton@ControllerBase@@UEAAKKPEAX@Z 0000000180038c90 f   ControllerBase.obj
 0002:00005fc0       ??$?0$$V@?$_Compressed_pair@U?$_Wrap_alloc@V?$allocator@D@std@@@std@@V?$_String_val@U?$_Simple_types@D@std@@@2@$00@std@@QEAA@U_Zero_then_variadic_args_t@1@@Z 0000000180038fc0 f i ControllerBase.obj
 0002:00006020       ??$?0AEAPEAD@?$_Compressed_pair@U?$default_delete@$$BY0A@D@std@@PEAD$00@std@@QEAA@U_Zero_then_variadic_args_t@1@AEAPEAD@Z 0000000180039020 f i ControllerBase.obj
 0002:00006080       ??$?0AEAU?$_Wrap_alloc@V?$allocator@D@std@@@std@@@?$_Wrap_alloc@V?$allocator@U_Container_proxy@std@@@std@@@std@@QEAA@AEAU?$_Wrap_alloc@V?$allocator@D@std@@@1@@Z 0000000180039080 f i ControllerBase.obj
 0002:000060e0       ??$?0AEAU?$_Wrap_alloc@V?$allocator@VInputHookDevice@@@std@@@std@@@?$_Wrap_alloc@V?$allocator@U_Container_proxy@std@@@std@@@std@@QEAA@AEAU?$_Wrap_alloc@V?$allocator@VInputHookDevice@@@std@@@1@@Z 00000001800390e0 f i ControllerBase.obj
 0002:00006140       ??$?0D@?$allocator@U_Container_proxy@std@@@std@@QEAA@AEBV?$allocator@D@1@@Z 0000000180039140 f i ControllerBase.obj
 0002:00006160       ??$?0PEAD@?$_Unique_ptr_base@DU?$default_delete@$$BY0A@D@std@@@std@@QEAA@PEAD@Z 0000000180039160 f i ControllerBase.obj
 0002:000061c0       ??$?0PEADX@?$unique_ptr@$$BY0A@DU?$default_delete@$$BY0A@D@std@@@std@@QEAA@PEAD@Z 00000001800391c0 f i ControllerBase.obj
 0002:00006220       ??$?0VInputHookDevice@@@?$allocator@U_Container_proxy@std@@@std@@QEAA@AEBV?$allocator@VInputHookDevice@@@1@@Z 0000000180039220 f i ControllerBase.obj
 0002:00006240       ??$?8DD@std@@YA_NAEBV?$allocator@D@0@0@Z 0000000180039240 f i ControllerBase.obj
 0002:00006260       ??$?8V?$allocator@D@std@@V01@@std@@YA_NAEBU?$_Wrap_alloc@V?$allocator@D@std@@@0@0@Z 0000000180039260 f i ControllerBase.obj
 0002:000062b0       ??$?9V?$allocator@D@std@@V01@@std@@YA_NAEBU?$_Wrap_alloc@V?$allocator@D@std@@@0@0@Z 00000001800392b0 f i ControllerBase.obj
 0002:00006320       ??$?RDX@?$default_delete@$$BY0A@D@std@@QEBAXPEAD@Z 0000000180039320 f i ControllerBase.obj
 0002:000063a0       ??$StoreProcAddress@P6AKK@Z@XInputModuleManager@@AEAAXPEBDPEAP6AKK@Z@Z 00000001800393a0 f i ControllerBase.obj
 0002:00006400       ??$StoreProcAddress@P6AKKEPEAU_XINPUT_BATTERY_INFORMATION@@@Z@XInputModuleManager@@AEAAXPEBDPEAP6AKKEPEAU_XINPUT_BATTERY_INFORMATION@@@Z@Z 0000000180039400 f i ControllerBase.obj
 0002:00006460       ??$StoreProcAddress@P6AKKKKPEAUXINPUT_CAPABILITIESEX@@@Z@XInputModuleManager@@AEAAXPEBDPEAP6AKKKKPEAUXINPUT_CAPABILITIESEX@@@Z@Z 0000000180039460 f i ControllerBase.obj
 0002:000064c0       ??$StoreProcAddress@P6AKKKPEAU_XINPUT_CAPABILITIES@@@Z@XInputModuleManager@@AEAAXPEBDPEAP6AKKKPEAU_XINPUT_CAPABILITIES@@@Z@Z 00000001800394c0 f i ControllerBase.obj
 0002:00006520       ??$StoreProcAddress@P6AKKKPEAU_XINPUT_KEYSTROKE@@@Z@XInputModuleManager@@AEAAXPEBDPEAP6AKKKPEAU_XINPUT_KEYSTROKE@@@Z@Z 0000000180039520 f i ControllerBase.obj
 0002:00006580       ??$StoreProcAddress@P6AKKKPEAX@Z@XInputModuleManager@@AEAAXPEBDPEAP6AKKKPEAX@Z@Z 0000000180039580 f i ControllerBase.obj
 0002:000065e0       ??$StoreProcAddress@P6AKKPEAUXINPUT_BUSINFO@@@Z@XInputModuleManager@@AEAAXPEBDPEAP6AKKPEAUXINPUT_BUSINFO@@@Z@Z 00000001800395e0 f i ControllerBase.obj
 0002:00006640       ??$StoreProcAddress@P6AKKPEAU_GUID@@0@Z@XInputModuleManager@@AEAAXPEBDPEAP6AKKPEAU_GUID@@1@Z@Z 0000000180039640 f i ControllerBase.obj
 0002:000066a0       ??$StoreProcAddress@P6AKKPEAU_XINPUT_STATE@@@Z@XInputModuleManager@@AEAAXPEBDPEAP6AKKPEAU_XINPUT_STATE@@@Z@Z 00000001800396a0 f i ControllerBase.obj
 0002:00006700       ??$StoreProcAddress@P6AKKPEAU_XINPUT_VIBRATION@@@Z@XInputModuleManager@@AEAAXPEBDPEAP6AKKPEAU_XINPUT_VIBRATION@@@Z@Z 0000000180039700 f i ControllerBase.obj
 0002:00006760       ??$StoreProcAddress@P6AKKPEA_WPEAI01@Z@XInputModuleManager@@AEAAXPEBDPEAP6AKKPEA_WPEAI12@Z@Z 0000000180039760 f i ControllerBase.obj
 0002:000067c0       ??$StoreProcAddress@P6AXH@Z@XInputModuleManager@@AEAAXPEBDPEAP6AXH@Z@Z 00000001800397c0 f i ControllerBase.obj
 0002:00006820       ??$_Debug_pointer_if@$$CBD@std@@YAX_NPEBDPEB_WI@Z 0000000180039820 f i ControllerBase.obj
 0002:00006890       ??$_Destroy_range1@V?$allocator@VInputHookDevice@@@std@@PEAVInputHookDevice@@@std@@YAXPEAVInputHookDevice@@0AEAU?$_Wrap_alloc@V?$allocator@VInputHookDevice@@@std@@@0@U?$integral_constant@_N$0A@@0@@Z 0000000180039890 f i ControllerBase.obj
 0002:00006920       ??$_Destroy_range@V?$allocator@VInputHookDevice@@@std@@PEAVInputHookDevice@@@std@@YAXPEAVInputHookDevice@@0AEAU?$_Wrap_alloc@V?$allocator@VInputHookDevice@@@std@@@0@@Z 0000000180039920 f i ControllerBase.obj
 0002:00006980       ??$_Pocma@U?$_Wrap_alloc@V?$allocator@D@std@@@std@@@std@@YAXAEAU?$_Wrap_alloc@V?$allocator@D@std@@@0@0@Z 0000000180039980 f i ControllerBase.obj
 0002:000069e0       ??$_Pocma@U?$_Wrap_alloc@V?$allocator@D@std@@@std@@@std@@YAXAEAU?$_Wrap_alloc@V?$allocator@D@std@@@0@0U?$integral_constant@_N$00@0@@Z 00000001800399e0 f i ControllerBase.obj
 0002:00006a50       ??$_Unfancy@$$CBD@std@@YAPEBDPEBD@Z 0000000180039a50 f i ControllerBase.obj
 0002:00006a60       ??$_Unfancy@D@std@@YAPEADPEAD@Z 0000000180039a60 f i ControllerBase.obj
 0002:00006a70       ??$_Unfancy@U_Container_proxy@std@@@std@@YAPEAU_Container_proxy@0@PEAU10@@Z 0000000180039a70 f i ControllerBase.obj
 0002:00006a80       ??$_Unfancy@VInputHookDevice@@@std@@YAPEAVInputHookDevice@@PEAV1@@Z 0000000180039a80 f i ControllerBase.obj
 0002:00006a90       ??$__vcrt_va_start_verify_argument_type@PEBD@@YAXXZ 0000000180039a90 f i ControllerBase.obj
 0002:00006aa0       ??$__vcrt_va_start_verify_argument_type@QEBD@@YAXXZ 0000000180039aa0 f i ControllerBase.obj
 0002:00006ab0       ??$addressof@D@std@@YAPEADAEAD@Z 0000000180039ab0 f i ControllerBase.obj
 0002:00006ac0       ??$addressof@PEAD@std@@YAPEAPEADAEAPEAD@Z 0000000180039ac0 f i ControllerBase.obj
 0002:00006ad0       ??$addressof@U_Container_proxy@std@@@std@@YAPEAU_Container_proxy@0@AEAU10@@Z 0000000180039ad0 f i ControllerBase.obj
 0002:00006ae0       ??$assign@V?$_String_iterator@V?$_String_val@U?$_Simple_types@D@std@@@std@@@std@@@?$basic_string@DU?$char_traits@D@std@@V?$allocator@D@2@@std@@QEAAAEAV01@V?$_String_iterator@V?$_String_val@U?$_Simple_types@D@std@@@std@@@1@0@Z 0000000180039ae0 f i ControllerBase.obj
 0002:00006d40       ??$construct@PEADAEAPEAD@?$_Wrap_alloc@V?$allocator@D@std@@@std@@QEAAXPEAPEADAEAPEAD@Z 0000000180039d40 f i ControllerBase.obj
 0002:00006da0       ??$construct@PEADAEAPEAD@?$allocator@D@std@@QEAAXPEAPEADAEAPEAD@Z 0000000180039da0 f i ControllerBase.obj
 0002:00006e40       ??$construct@PEADAEAPEAD@?$allocator_traits@V?$allocator@D@std@@@std@@SAXAEAV?$allocator@D@1@PEAPEADAEAPEAD@Z 0000000180039e40 f i ControllerBase.obj
 0002:00006ea0       ??$construct@U_Container_proxy@std@@U12@@?$_Wrap_alloc@V?$allocator@U_Container_proxy@std@@@std@@@std@@QEAAXPEAU_Container_proxy@1@$$QEAU21@@Z 0000000180039ea0 f i ControllerBase.obj
 0002:00006f00       ??$construct@U_Container_proxy@std@@U12@@?$allocator@U_Container_proxy@std@@@std@@QEAAXPEAU_Container_proxy@1@$$QEAU21@@Z 0000000180039f00 f i ControllerBase.obj
 0002:00006fa0       ??$construct@U_Container_proxy@std@@U12@@?$allocator_traits@V?$allocator@U_Container_proxy@std@@@std@@@std@@SAXAEAV?$allocator@U_Container_proxy@std@@@1@PEAU_Container_proxy@1@$$QEAU31@@Z 0000000180039fa0 f i ControllerBase.obj
 0002:00007000       ??$destroy@PEAD@?$_Wrap_alloc@V?$allocator@D@std@@@std@@QEAAXPEAPEAD@Z 000000018003a000 f i ControllerBase.obj
 0002:00007050       ??$destroy@PEAD@?$allocator@D@std@@QEAAXPEAPEAD@Z 000000018003a050 f i ControllerBase.obj
 0002:00007060       ??$destroy@PEAD@?$allocator_traits@V?$allocator@D@std@@@std@@SAXAEAV?$allocator@D@1@PEAPEAD@Z 000000018003a060 f i ControllerBase.obj
 0002:000070b0       ??$destroy@U_Container_proxy@std@@@?$_Wrap_alloc@V?$allocator@U_Container_proxy@std@@@std@@@std@@QEAAXPEAU_Container_proxy@1@@Z 000000018003a0b0 f i ControllerBase.obj
 0002:00007100       ??$destroy@U_Container_proxy@std@@@?$allocator@U_Container_proxy@std@@@std@@QEAAXPEAU_Container_proxy@1@@Z 000000018003a100 f i ControllerBase.obj
 0002:00007110       ??$destroy@U_Container_proxy@std@@@?$allocator_traits@V?$allocator@U_Container_proxy@std@@@std@@@std@@SAXAEAV?$allocator@U_Container_proxy@std@@@1@PEAU_Container_proxy@1@@Z 000000018003a110 f i ControllerBase.obj
 0002:00007160       ??$destroy@VInputHookDevice@@@?$_Wrap_alloc@V?$allocator@VInputHookDevice@@@std@@@std@@QEAAXPEAVInputHookDevice@@@Z 000000018003a160 f i ControllerBase.obj
 0002:000071b0       ??$destroy@VInputHookDevice@@@?$allocator@VInputHookDevice@@@std@@QEAAXPEAVInputHookDevice@@@Z 000000018003a1b0 f i ControllerBase.obj
 0002:00007200       ??$destroy@VInputHookDevice@@@?$allocator_traits@V?$allocator@VInputHookDevice@@@std@@@std@@SAXAEAV?$allocator@VInputHookDevice@@@1@PEAVInputHookDevice@@@Z 000000018003a200 f i ControllerBase.obj
 0002:00007250       ??$forward@AEAPEAD@std@@YAAEAPEADAEAPEAD@Z 000000018003a250 f i ControllerBase.obj
 0002:00007260       ??$forward@AEAU?$_Wrap_alloc@V?$allocator@D@std@@@std@@@std@@YAAEAU?$_Wrap_alloc@V?$allocator@D@std@@@0@AEAU10@@Z 000000018003a260 f i ControllerBase.obj
 0002:00007270       ??$forward@AEAU?$_Wrap_alloc@V?$allocator@VInputHookDevice@@@std@@@std@@@std@@YAAEAU?$_Wrap_alloc@V?$allocator@VInputHookDevice@@@std@@@0@AEAU10@@Z 000000018003a270 f i ControllerBase.obj
 0002:00007280       ??$forward@U_Container_proxy@std@@@std@@YA$$QEAU_Container_proxy@0@AEAU10@@Z 000000018003a280 f i ControllerBase.obj
 0002:00007290       ??$forward@V?$basic_string@DU?$char_traits@D@std@@V?$allocator@D@2@@std@@@std@@YA$$QEAV?$basic_string@DU?$char_traits@D@std@@V?$allocator@D@2@@0@AEAV10@@Z 000000018003a290 f i ControllerBase.obj
 0002:000072a0       ??$move@AEAG@std@@YA$$QEAGAEAG@Z 000000018003a2a0 f i ControllerBase.obj
 0002:000072b0       ??$move@AEAU?$_Wrap_alloc@V?$allocator@D@std@@@std@@@std@@YA$$QEAU?$_Wrap_alloc@V?$allocator@D@std@@@0@AEAU10@@Z 000000018003a2b0 f i ControllerBase.obj
 0002:000072c0       ??$swap@GX@std@@YAXAEAG0@Z 000000018003a2c0 f i ControllerBase.obj
 0002:00007380       ??0?$_Iterator012@Urandom_access_iterator_tag@std@@D_JPEBDAEBDU_Iterator_base12@2@@std@@QEAA@$$QEAU01@@Z 000000018003a380 f i ControllerBase.obj
 0002:000073d0       ??0?$_Iterator012@Urandom_access_iterator_tag@std@@D_JPEBDAEBDU_Iterator_base12@2@@std@@QEAA@AEBU01@@Z 000000018003a3d0 f i ControllerBase.obj
 0002:00007420       ??0?$_Iterator012@Urandom_access_iterator_tag@std@@D_JPEBDAEBDU_Iterator_base12@2@@std@@QEAA@XZ 000000018003a420 f i ControllerBase.obj
 0002:00007460       ??0?$_String_alloc@U?$_String_base_types@DV?$allocator@D@std@@@std@@@std@@QEAA@XZ 000000018003a460 f i ControllerBase.obj
 0002:000074d0       ??0?$_String_const_iterator@V?$_String_val@U?$_Simple_types@D@std@@@std@@@std@@QEAA@$$QEAV01@@Z 000000018003a4d0 f i ControllerBase.obj
 0002:00007540       ??0?$_String_const_iterator@V?$_String_val@U?$_Simple_types@D@std@@@std@@@std@@QEAA@AEBV01@@Z 000000018003a540 f i ControllerBase.obj
 0002:000075b0       ??0?$_String_const_iterator@V?$_String_val@U?$_Simple_types@D@std@@@std@@@std@@QEAA@PEBDPEBU_Container_base12@1@@Z 000000018003a5b0 f i ControllerBase.obj
 0002:00007630       ??0?$_String_iterator@V?$_String_val@U?$_Simple_types@D@std@@@std@@@std@@QEAA@AEBV01@@Z 000000018003a630 f i ControllerBase.obj
 0002:00007680       ??0?$_String_iterator@V?$_String_val@U?$_Simple_types@D@std@@@std@@@std@@QEAA@PEADPEBU_Container_base12@1@@Z 000000018003a680 f i ControllerBase.obj
 0002:000076e0       ??0?$_String_val@U?$_Simple_types@D@std@@@std@@QEAA@XZ 000000018003a6e0 f i ControllerBase.obj
 0002:00007770       ??0?$_Wrap_alloc@V?$allocator@D@std@@@std@@QEAA@XZ 000000018003a770 f i ControllerBase.obj
 0002:000077b0       ??0?$allocator@D@std@@QEAA@XZ 000000018003a7b0 f i ControllerBase.obj
 0002:000077c0       ??0?$basic_string@DU?$char_traits@D@std@@V?$allocator@D@2@@std@@QEAA@XZ 000000018003a7c0 f i ControllerBase.obj
 0002:00007820       ??0AxisMap@Config@@QEAA@XZ 000000018003a820 f i ControllerBase.obj
 0002:000078d0       ??0ButtonMap@Config@@QEAA@XZ 000000018003a8d0 f i ControllerBase.obj
 0002:00007920       ??0InputHookManager@@QEAA@XZ 000000018003a920 f i ControllerBase.obj
 0002:00007970       ??0Logger@@QEAA@XZ         000000018003a970 f i ControllerBase.obj
 0002:000079f0       ??0Mapping@Config@@QEAA@XZ 000000018003a9f0 f i ControllerBase.obj
 0002:00007b50       ??0NonCopyable@@IEAA@XZ    000000018003ab50 f i ControllerBase.obj
 0002:00007b60       ??0TriggerMap@Config@@QEAA@XZ 000000018003ab60 f i ControllerBase.obj
 0002:00007ba0       ??0XInputModuleManager@@QEAA@XZ 000000018003aba0 f i ControllerBase.obj
 0002:00008120       ??0_Bxty@?$_String_val@U?$_Simple_types@D@std@@@std@@QEAA@XZ 000000018003b120 f i ControllerBase.obj
 0002:00008130       ??0_Container_base12@std@@QEAA@XZ 000000018003b130 f i ControllerBase.obj
 0002:00008150       ??0_Container_proxy@std@@QEAA@XZ 000000018003b150 f i ControllerBase.obj
 0002:00008180       ??0_Iterator_base12@std@@QEAA@AEBU01@@Z 000000018003b180 f i ControllerBase.obj
 0002:000081f0       ??0_Iterator_base12@std@@QEAA@XZ 000000018003b1f0 f i ControllerBase.obj
 0002:00008220       ??1?$_Compressed_pair@U?$_Wrap_alloc@V?$allocator@D@std@@@std@@V?$_String_val@U?$_Simple_types@D@std@@@2@$00@std@@QEAA@XZ 000000018003b220 f i ControllerBase.obj
 0002:00008260       ??1?$_Compressed_pair@U?$_Wrap_alloc@V?$allocator@VInputHookDevice@@@std@@@std@@V?$_Vector_val@U?$_Simple_types@VInputHookDevice@@@std@@@2@$00@std@@QEAA@XZ 000000018003b260 f i ControllerBase.obj
 0002:000082a0       ??1?$_Iterator012@Urandom_access_iterator_tag@std@@D_JPEBDAEBDU_Iterator_base12@2@@std@@QEAA@XZ 000000018003b2a0 f i ControllerBase.obj
 0002:000082e0       ??1?$_String_alloc@U?$_String_base_types@DV?$allocator@D@std@@@std@@@std@@QEAA@XZ 000000018003b2e0 f i ControllerBase.obj
 0002:00008340       ??1?$_String_const_iterator@V?$_String_val@U?$_Simple_types@D@std@@@std@@@std@@QEAA@XZ 000000018003b340 f i ControllerBase.obj
 0002:00008380       ??1?$_String_iterator@V?$_String_val@U?$_Simple_types@D@std@@@std@@@std@@QEAA@XZ 000000018003b380 f i ControllerBase.obj
 0002:000083c0       ??1?$_String_val@U?$_Simple_types@D@std@@@std@@QEAA@XZ 000000018003b3c0 f i ControllerBase.obj
 0002:00008410       ??1?$_Vector_alloc@U?$_Vec_base_types@VInputHookDevice@@V?$allocator@VInputHookDevice@@@std@@@std@@@std@@QEAA@XZ 000000018003b410 f i ControllerBase.obj
 0002:00008470       ??1?$_Vector_val@U?$_Simple_types@VInputHookDevice@@@std@@@std@@QEAA@XZ 000000018003b470 f i ControllerBase.obj
 0002:000084b0       ??1?$basic_string@DU?$char_traits@D@std@@V?$allocator@D@2@@std@@QEAA@XZ 000000018003b4b0 f i ControllerBase.obj
 0002:00008510       ??1?$unique_ptr@$$BY0A@DU?$default_delete@$$BY0A@D@std@@@std@@QEAA@XZ 000000018003b510 f i ControllerBase.obj
 0002:00008560       ??1?$vector@VInputHookDevice@@V?$allocator@VInputHookDevice@@@std@@@std@@QEAA@XZ 000000018003b560 f i ControllerBase.obj
 0002:000085c0       ??1InputHook@@QEAA@XZ      000000018003b5c0 f i ControllerBase.obj
 0002:00008620       ??1InputHookManager@@QEAA@XZ 000000018003b620 f i ControllerBase.obj
 0002:00008660       ??1Logger@@QEAA@XZ         000000018003b660 f i ControllerBase.obj
 0002:000086b0       ??1XInputModuleManager@@QEAA@XZ 000000018003b6b0 f i ControllerBase.obj
 0002:000087b0       ??1_Bxty@?$_String_val@U?$_Simple_types@D@std@@@std@@QEAA@XZ 000000018003b7b0 f i ControllerBase.obj
 0002:000087c0       ??1_Container_base12@std@@QEAA@XZ 000000018003b7c0 f i ControllerBase.obj
 0002:00008810       ??1_Iterator_base12@std@@QEAA@XZ 000000018003b810 f i ControllerBase.obj
 0002:000088c0       ??2@YAPEAX_KPEAX@Z         000000018003b8c0 f i ControllerBase.obj
 0002:000088e0       ??4?$_Wrap_alloc@V?$allocator@D@std@@@std@@QEAAAEAU01@$$QEAU01@@Z 000000018003b8e0 f i ControllerBase.obj
 0002:00008930       ??4?$basic_string@DU?$char_traits@D@std@@V?$allocator@D@2@@std@@QEAAAEAV01@$$QEAV01@@Z 000000018003b930 f i ControllerBase.obj
 0002:00008b10       ??4_Iterator_base12@std@@QEAAAEAU01@AEBU01@@Z 000000018003bb10 f i ControllerBase.obj
 0002:00008c10       ??8?$_String_const_iterator@V?$_String_val@U?$_Simple_types@D@std@@@std@@@std@@QEBA_NAEBV01@@Z 000000018003bc10 f i ControllerBase.obj
 0002:00008c90       ??D?$_String_const_iterator@V?$_String_val@U?$_Simple_types@D@std@@@std@@@std@@QEBAAEBDXZ 000000018003bc90 f i ControllerBase.obj
 0002:00008e40       ??D?$_String_iterator@V?$_String_val@U?$_Simple_types@D@std@@@std@@@std@@QEBAAEADXZ 000000018003be40 f i ControllerBase.obj
 0002:00008e80       ??G?$_String_const_iterator@V?$_String_val@U?$_Simple_types@D@std@@@std@@@std@@QEBA_JAEBV01@@Z 000000018003be80 f i ControllerBase.obj
 0002:00008ee0       ??G?$_String_iterator@V?$_String_val@U?$_Simple_types@D@std@@@std@@@std@@QEBA_JAEBV?$_String_const_iterator@V?$_String_val@U?$_Simple_types@D@std@@@std@@@1@@Z 000000018003bee0 f i ControllerBase.obj
 0002:00008f30       ??_EControllerBase@@UEAAPEAXI@Z 000000018003bf30 f i ControllerBase.obj
 0002:00008f30       ??_GControllerBase@@UEAAPEAXI@Z 000000018003bf30 f i ControllerBase.obj
 0002:00008fa0       ??_H@YAXPEAX_K1P6APEAX0@Z@Z 000000018003bfa0 f i ControllerBase.obj
 0002:00009050       ?CurrentModule@@YAAEAPEAUHINSTANCE__@@XZ 000000018003c050 f i ControllerBase.obj
 0002:000090b0       ?DisableHook@InputHook@@QEAAXAEBK@Z 000000018003c0b0 f i ControllerBase.obj
 0002:000090f0       ?EnableHook@InputHook@@QEAAXAEBK@Z 000000018003c0f0 f i ControllerBase.obj
 0002:00009120       ?Get@InputHookManager@@SAAEAV1@XZ 000000018003c120 f i ControllerBase.obj
 0002:000091f0       ?Get@Logger@@SAAEAV1@XZ    000000018003c1f0 f i ControllerBase.obj
 0002:000092c0       ?Get@XInputModuleManager@@SAAEAV1@XZ 000000018003c2c0 f i ControllerBase.obj
 0002:00009390       ?GetInputHook@InputHookManager@@QEAAAEAVInputHook@@XZ 000000018003c390 f i ControllerBase.obj
 0002:000093a0       ?GetState@InputHook@@QEBA?B_NAEBK@Z 000000018003c3a0 f i ControllerBase.obj
 0002:00009420       ?GetTime@Logger@@AEAAXPEAV?$basic_string@DU?$char_traits@D@std@@V?$allocator@D@2@@std@@@Z 000000018003c420 f i ControllerBase.obj
 0002:00009610       ?Print@Logger@@QEAAXPEBDPEAD@Z 000000018003c610 f i ControllerBase.obj
 0002:00009900       ?PrintLog@@YAXPEBDZZ       000000018003c900 f i ControllerBase.obj
 0002:000099b0       ?_Adopt@_Iterator_base12@std@@QEAAXPEBU_Container_base12@2@@Z 000000018003c9b0 f i ControllerBase.obj
 0002:00009b20       ?_Alloc_proxy@?$_String_alloc@U?$_String_base_types@DV?$allocator@D@std@@@std@@@std@@QEAAXXZ 000000018003cb20 f i ControllerBase.obj
 0002:00009c60       ?_Allocate@std@@YAPEAX_K0_N@Z 000000018003cc60 f i ControllerBase.obj
 0002:00009f10       ?_Assign_rv@?$basic_string@DU?$char_traits@D@std@@V?$allocator@D@2@@std@@QEAAX$$QEAV12@@Z 000000018003cf10 f i ControllerBase.obj
 0002:0000a090       ?_Bx@?$_String_alloc@U?$_String_base_types@DV?$allocator@D@std@@@std@@@std@@QEAAAEAT_Bxty@?$_String_val@U?$_Simple_types@D@std@@@2@XZ 000000018003d090 f i ControllerBase.obj
 0002:0000a0d0       ?_Check_offset@?$basic_string@DU?$char_traits@D@std@@V?$allocator@D@2@@std@@QEBAX_K@Z 000000018003d0d0 f i ControllerBase.obj
 0002:0000a130       ?_Clamp_suffix_size@?$basic_string@DU?$char_traits@D@std@@V?$allocator@D@2@@std@@QEBA_K_K0@Z 000000018003d130 f i ControllerBase.obj
 0002:0000a1b0       ?_Compat@?$_String_const_iterator@V?$_String_val@U?$_Simple_types@D@std@@@std@@@std@@QEBAXAEBV12@@Z 000000018003d1b0 f i ControllerBase.obj
 0002:0000a2d0       ?_Copy@?$basic_string@DU?$char_traits@D@std@@V?$allocator@D@2@@std@@QEAAX_K0@Z 000000018003d2d0 f i ControllerBase.obj
 0002:0000a600       ?_Deallocate@std@@YAXPEAX_K1@Z 000000018003d600 f i ControllerBase.obj
 0002:0000aac0       ?_Delete@?$unique_ptr@$$BY0A@DU?$default_delete@$$BY0A@D@std@@@std@@AEAAXXZ 000000018003dac0 f i ControllerBase.obj
 0002:0000ab40       ?_Destroy@?$vector@VInputHookDevice@@V?$allocator@VInputHookDevice@@@std@@@std@@IEAAXPEAVInputHookDevice@@0@Z 000000018003db40 f i ControllerBase.obj
 0002:0000aba0       ?_Eos@?$basic_string@DU?$char_traits@D@std@@V?$allocator@D@2@@std@@QEAAX_K@Z 000000018003dba0 f i ControllerBase.obj
 0002:0000ac20       ?_Free_proxy@?$_String_alloc@U?$_String_base_types@DV?$allocator@D@std@@@std@@@std@@QEAAXXZ 000000018003dc20 f i ControllerBase.obj
 0002:0000ad20       ?_Free_proxy@?$_Vector_alloc@U?$_Vec_base_types@VInputHookDevice@@V?$allocator@VInputHookDevice@@@std@@@std@@@std@@QEAAXXZ 000000018003dd20 f i ControllerBase.obj
 0002:0000ae20       ?_Get_data@?$_String_alloc@U?$_String_base_types@DV?$allocator@D@std@@@std@@@std@@QEAAAEAV?$_String_val@U?$_Simple_types@D@std@@@2@XZ 000000018003de20 f i ControllerBase.obj
 0002:0000ae60       ?_Get_data@?$_String_alloc@U?$_String_base_types@DV?$allocator@D@std@@@std@@@std@@QEBAAEBV?$_String_val@U?$_Simple_types@D@std@@@2@XZ 000000018003de60 f i ControllerBase.obj
 0002:0000aea0       ?_Get_data@?$_Vector_alloc@U?$_Vec_base_types@VInputHookDevice@@V?$allocator@VInputHookDevice@@@std@@@std@@@std@@QEAAAEAV?$_Vector_val@U?$_Simple_types@VInputHookDevice@@@std@@@2@XZ 000000018003dea0 f i ControllerBase.obj
 0002:0000aee0       ?_Get_first@?$_Compressed_pair@U?$_Wrap_alloc@V?$allocator@D@std@@@std@@V?$_String_val@U?$_Simple_types@D@std@@@2@$00@std@@QEAAAEAU?$_Wrap_alloc@V?$allocator@D@std@@@2@XZ 000000018003dee0 f i ControllerBase.obj
 0002:0000aef0       ?_Get_first@?$_Compressed_pair@U?$_Wrap_alloc@V?$allocator@D@std@@@std@@V?$_String_val@U?$_Simple_types@D@std@@@2@$00@std@@QEBAAEBU?$_Wrap_alloc@V?$allocator@D@std@@@2@XZ 000000018003def0 f i ControllerBase.obj
 0002:0000af00       ?_Get_first@?$_Compressed_pair@U?$_Wrap_alloc@V?$allocator@VInputHookDevice@@@std@@@std@@V?$_Vector_val@U?$_Simple_types@VInputHookDevice@@@std@@@2@$00@std@@QEAAAEAU?$_Wrap_alloc@V?$allocator@VInputHookDevice@@@std@@@2@XZ 000000018003df00 f i ControllerBase.obj
 0002:0000af10       ?_Get_first@?$_Compressed_pair@U?$default_delete@$$BY0A@D@std@@PEAD$00@std@@QEAAAEAU?$default_delete@$$BY0A@D@2@XZ 000000018003df10 f i ControllerBase.obj
 0002:0000af20       ?_Get_second@?$_Compressed_pair@U?$_Wrap_alloc@V?$allocator@D@std@@@std@@V?$_String_val@U?$_Simple_types@D@std@@@2@$00@std@@QEAAAEAV?$_String_val@U?$_Simple_types@D@std@@@2@XZ 000000018003df20 f i ControllerBase.obj
 0002:0000af30       ?_Get_second@?$_Compressed_pair@U?$_Wrap_alloc@V?$allocator@D@std@@@std@@V?$_String_val@U?$_Simple_types@D@std@@@2@$00@std@@QEBAAEBV?$_String_val@U?$_Simple_types@D@std@@@2@XZ 000000018003df30 f i ControllerBase.obj
 0002:0000af40       ?_Get_second@?$_Compressed_pair@U?$_Wrap_alloc@V?$allocator@VInputHookDevice@@@std@@@std@@V?$_Vector_val@U?$_Simple_types@VInputHookDevice@@@std@@@2@$00@std@@QEAAAEAV?$_Vector_val@U?$_Simple_types@VInputHookDevice@@@std@@@2@XZ 000000018003df40 f i ControllerBase.obj
 0002:0000af50       ?_Get_second@?$_Compressed_pair@U?$default_delete@$$BY0A@D@std@@PEAD$00@std@@QEBAAEBQEADXZ 000000018003df50 f i ControllerBase.obj
 0002:0000af60       ?_Getal@?$_String_alloc@U?$_String_base_types@DV?$allocator@D@std@@@std@@@std@@QEAAAEAU?$_Wrap_alloc@V?$allocator@D@std@@@2@XZ 000000018003df60 f i ControllerBase.obj
 0002:0000afa0       ?_Getal@?$_String_alloc@U?$_String_base_types@DV?$allocator@D@std@@@std@@@std@@QEBAAEBU?$_Wrap_alloc@V?$allocator@D@std@@@2@XZ 000000018003dfa0 f i ControllerBase.obj
 0002:0000afe0       ?_Getal@?$_Vector_alloc@U?$_Vec_base_types@VInputHookDevice@@V?$allocator@VInputHookDevice@@@std@@@std@@@std@@QEAAAEAU?$_Wrap_alloc@V?$allocator@VInputHookDevice@@@std@@@2@XZ 000000018003dfe0 f i ControllerBase.obj
 0002:0000b020       ?_Getcont@_Iterator_base12@std@@QEBAPEBU_Container_base12@2@XZ 000000018003e020 f i ControllerBase.obj
 0002:0000b080       ?_Grow@?$basic_string@DU?$char_traits@D@std@@V?$allocator@D@2@@std@@QEAA_N_K_N@Z 000000018003e080 f i ControllerBase.obj
 0002:0000b1d0       ?_Inside@?$basic_string@DU?$char_traits@D@std@@V?$allocator@D@2@@std@@QEAA_NPEBD@Z 000000018003e1d0 f i ControllerBase.obj
 0002:0000b270       ?_Move_alloc@?$_String_alloc@U?$_String_base_types@DV?$allocator@D@std@@@std@@@std@@QEAAXAEAU?$_Wrap_alloc@V?$allocator@D@std@@@2@@Z 000000018003e270 f i ControllerBase.obj
 0002:0000b2e0       ?_Myend@?$_Vector_alloc@U?$_Vec_base_types@VInputHookDevice@@V?$allocator@VInputHookDevice@@@std@@@std@@@std@@QEAAAEAPEAVInputHookDevice@@XZ 000000018003e2e0 f i ControllerBase.obj
 0002:0000b320       ?_Myfirst@?$_Vector_alloc@U?$_Vec_base_types@VInputHookDevice@@V?$allocator@VInputHookDevice@@@std@@@std@@@std@@QEAAAEAPEAVInputHookDevice@@XZ 000000018003e320 f i ControllerBase.obj
 0002:0000b360       ?_Mylast@?$_Vector_alloc@U?$_Vec_base_types@VInputHookDevice@@V?$allocator@VInputHookDevice@@@std@@@std@@@std@@QEAAAEAPEAVInputHookDevice@@XZ 000000018003e360 f i ControllerBase.obj
 0002:0000b3a0       ?_Myproxy@?$_String_alloc@U?$_String_base_types@DV?$allocator@D@std@@@std@@@std@@QEAAAEAPEAU_Container_proxy@2@XZ 000000018003e3a0 f i ControllerBase.obj
 0002:0000b3e0       ?_Myproxy@?$_Vector_alloc@U?$_Vec_base_types@VInputHookDevice@@V?$allocator@VInputHookDevice@@@std@@@std@@@std@@QEAAAEAPEAU_Container_proxy@2@XZ 000000018003e3e0 f i ControllerBase.obj
 0002:0000b420       ?_Myptr@?$_String_alloc@U?$_String_base_types@DV?$allocator@D@std@@@std@@@std@@QEAAPEADXZ 000000018003e420 f i ControllerBase.obj
 0002:0000b470       ?_Myptr@?$_String_alloc@U?$_String_base_types@DV?$allocator@D@std@@@std@@@std@@QEBAPEBDXZ 000000018003e470 f i ControllerBase.obj
 0002:0000b4c0       ?_Myptr@?$_String_val@U?$_Simple_types@D@std@@@std@@QEAAPEADXZ 000000018003e4c0 f i ControllerBase.obj
 0002:0000b530       ?_Myptr@?$_String_val@U?$_Simple_types@D@std@@@std@@QEBAPEBDXZ 000000018003e530 f i ControllerBase.obj
 0002:0000b5a0       ?_Myptr@?$_Unique_ptr_base@DU?$default_delete@$$BY0A@D@std@@@std@@QEBAAEBQEADXZ 000000018003e5a0 f i ControllerBase.obj
 0002:0000b5e0       ?_Myres@?$_String_alloc@U?$_String_base_types@DV?$allocator@D@std@@@std@@@std@@QEAAAEA_KXZ 000000018003e5e0 f i ControllerBase.obj
 0002:0000b620       ?_Mysize@?$_String_alloc@U?$_String_base_types@DV?$allocator@D@std@@@std@@@std@@QEAAAEA_KXZ 000000018003e620 f i ControllerBase.obj
 0002:0000b660       ?_Mysize@?$_String_alloc@U?$_String_base_types@DV?$allocator@D@std@@@std@@@std@@QEBAAEB_KXZ 000000018003e660 f i ControllerBase.obj
 0002:0000b6a0       ?_Orphan_all@?$_String_alloc@U?$_String_base_types@DV?$allocator@D@std@@@std@@@std@@QEAAXXZ 000000018003e6a0 f i ControllerBase.obj
 0002:0000b6f0       ?_Orphan_all@?$_Vector_alloc@U?$_Vec_base_types@VInputHookDevice@@V?$allocator@VInputHookDevice@@@std@@@std@@@std@@QEAAXXZ 000000018003e6f0 f i ControllerBase.obj
 0002:0000b740       ?_Orphan_all@_Container_base12@std@@QEAAXXZ 000000018003e740 f i ControllerBase.obj
 0002:0000b840       ?_Orphan_me@_Iterator_base12@std@@QEAAXXZ 000000018003e840 f i ControllerBase.obj
 0002:0000b920       ?_Tidy@?$basic_string@DU?$char_traits@D@std@@V?$allocator@D@2@@std@@QEAAX_N_K@Z 000000018003e920 f i ControllerBase.obj
 0002:0000ba90       ?_Tidy@?$vector@VInputHookDevice@@V?$allocator@VInputHookDevice@@@std@@@std@@IEAAXXZ 000000018003ea90 f i ControllerBase.obj
 0002:0000bbe0       ?_Xlen@?$basic_string@DU?$char_traits@D@std@@V?$allocator@D@2@@std@@QEBAXXZ 000000018003ebe0 f i ControllerBase.obj
 0002:0000bc20       ?_Xran@?$basic_string@DU?$char_traits@D@std@@V?$allocator@D@2@@std@@QEBAXXZ 000000018003ec20 f i ControllerBase.obj
 0002:0000bc60       ?__autoclassinit2@?$unique_ptr@$$BY0A@DU?$default_delete@$$BY0A@D@std@@@std@@QEAAX_K@Z 000000018003ec60 f i ControllerBase.obj
 0002:0000bc90       ?__autoclassinit2@InputHookManager@@QEAAX_K@Z 000000018003ec90 f i ControllerBase.obj
 0002:0000bcc0       ?__autoclassinit2@Logger@@QEAAX_K@Z 000000018003ecc0 f i ControllerBase.obj
 0002:0000bcf0       ?__autoclassinit2@XInputModuleManager@@QEAAX_K@Z 000000018003ecf0 f i ControllerBase.obj
 0002:0000bd20       ?__empty_global_delete@@YAXPEAX@Z 000000018003ed20 f i ControllerBase.obj
 0002:0000bd30       ?__empty_global_delete@@YAXPEAX_K@Z 000000018003ed30 f i ControllerBase.obj
 0002:0000bd40       ?address@?$_Wrap_alloc@V?$allocator@D@std@@@std@@QEBAPEADAEAD@Z 000000018003ed40 f i ControllerBase.obj
 0002:0000bd80       ?address@?$_Wrap_alloc@V?$allocator@U_Container_proxy@std@@@std@@@std@@QEBAPEAU_Container_proxy@2@AEAU32@@Z 000000018003ed80 f i ControllerBase.obj
 0002:0000bdc0       ?allocate@?$_Wrap_alloc@V?$allocator@D@std@@@std@@QEAAPEAD_K@Z 000000018003edc0 f i ControllerBase.obj
 0002:0000be10       ?allocate@?$_Wrap_alloc@V?$allocator@U_Container_proxy@std@@@std@@@std@@QEAAPEAU_Container_proxy@2@_K@Z 000000018003ee10 f i ControllerBase.obj
 0002:0000be60       ?allocate@?$allocator@D@std@@QEAAPEAD_K@Z 000000018003ee60 f i ControllerBase.obj
 0002:0000beb0       ?allocate@?$allocator@U_Container_proxy@std@@@std@@QEAAPEAU_Container_proxy@2@_K@Z 000000018003eeb0 f i ControllerBase.obj
 0002:0000bf00       ?append@?$basic_string@DU?$char_traits@D@std@@V?$allocator@D@2@@std@@QEAAAEAV12@AEBV12@_K1@Z 000000018003ef00 f i ControllerBase.obj
 0002:0000c070       ?append@?$basic_string@DU?$char_traits@D@std@@V?$allocator@D@2@@std@@QEAAAEAV12@PEBD_K@Z 000000018003f070 f i ControllerBase.obj
 0002:0000c220       ?assign@?$char_traits@D@std@@SAXAEADAEBD@Z 000000018003f220 f i ControllerBase.obj
 0002:0000c250       ?begin@?$basic_string@DU?$char_traits@D@std@@V?$allocator@D@2@@std@@QEAA?AV?$_String_iterator@V?$_String_val@U?$_Simple_types@D@std@@@std@@@2@XZ 000000018003f250 f i ControllerBase.obj
 0002:0000c300       ?c_str@?$basic_string@DU?$char_traits@D@std@@V?$allocator@D@2@@std@@QEBAPEBDXZ 000000018003f300 f i ControllerBase.obj
 0002:0000c350       ?copy@?$char_traits@D@std@@SAPEADPEADPEBD_K@Z 000000018003f350 f i ControllerBase.obj
 0002:0000c3d0       ?deallocate@?$_Wrap_alloc@V?$allocator@D@std@@@std@@QEAAXPEAD_K@Z 000000018003f3d0 f i ControllerBase.obj
 0002:0000c430       ?deallocate@?$_Wrap_alloc@V?$allocator@U_Container_proxy@std@@@std@@@std@@QEAAXPEAU_Container_proxy@2@_K@Z 000000018003f430 f i ControllerBase.obj
 0002:0000c490       ?deallocate@?$_Wrap_alloc@V?$allocator@VInputHookDevice@@@std@@@std@@QEAAXPEAVInputHookDevice@@_K@Z 000000018003f490 f i ControllerBase.obj
 0002:0000c4f0       ?deallocate@?$allocator@D@std@@QEAAXPEAD_K@Z 000000018003f4f0 f i ControllerBase.obj
 0002:0000c550       ?deallocate@?$allocator@U_Container_proxy@std@@@std@@QEAAXPEAU_Container_proxy@2@_K@Z 000000018003f550 f i ControllerBase.obj
 0002:0000c5b0       ?deallocate@?$allocator@VInputHookDevice@@@std@@QEAAXPEAVInputHookDevice@@_K@Z 000000018003f5b0 f i ControllerBase.obj
 0002:0000c610       ?end@?$basic_string@DU?$char_traits@D@std@@V?$allocator@D@2@@std@@QEAA?AV?$_String_iterator@V?$_String_val@U?$_Simple_types@D@std@@@std@@@2@XZ 000000018003f610 f i ControllerBase.obj
 0002:0000c6d0       ?erase@?$basic_string@DU?$char_traits@D@std@@V?$allocator@D@2@@std@@QEAAAEAV12@_K0@Z 000000018003f6d0 f i ControllerBase.obj
 0002:0000c7f0       ?get@?$unique_ptr@$$BY0A@DU?$default_delete@$$BY0A@D@std@@@std@@QEBAPEADXZ 000000018003f7f0 f i ControllerBase.obj
 0002:0000c830       ?get_deleter@?$_Unique_ptr_base@DU?$default_delete@$$BY0A@D@std@@@std@@QEAAAEAU?$default_delete@$$BY0A@D@2@XZ 000000018003f830 f i ControllerBase.obj
 0002:0000c870       ?max_size@?$_Wrap_alloc@V?$allocator@D@std@@@std@@QEBA_KU_Nil@2@@Z 000000018003f870 f i ControllerBase.obj
 0002:0000c8b0       ?max_size@?$allocator@D@std@@QEBA_KXZ 000000018003f8b0 f i ControllerBase.obj
 0002:0000c8d0       ?max_size@?$allocator_traits@V?$allocator@D@std@@@std@@SA_KAEBV?$allocator@D@2@@Z 000000018003f8d0 f i ControllerBase.obj
 0002:0000c910       ?max_size@?$basic_string@DU?$char_traits@D@std@@V?$allocator@D@2@@std@@QEBA_KXZ 000000018003f910 f i ControllerBase.obj
 0002:0000c990       ?move@?$char_traits@D@std@@SAPEADPEADPEBD_K@Z 000000018003f990 f i ControllerBase.obj
 0002:0000ca10       ?pointer_to@?$pointer_traits@PEAD@std@@SAPEADAEAD@Z 000000018003fa10 f i ControllerBase.obj
 0002:0000ca50       ?pointer_to@?$pointer_traits@PEAU_Container_proxy@std@@@std@@SAPEAU_Container_proxy@2@AEAU32@@Z 000000018003fa50 f i ControllerBase.obj
 0002:0000ca90       ?push_back@?$basic_string@DU?$char_traits@D@std@@V?$allocator@D@2@@std@@QEAAXD@Z 000000018003fa90 f i ControllerBase.obj
 0002:0000cba0       ?replace@?$basic_string@DU?$char_traits@D@std@@V?$allocator@D@2@@std@@QEAAAEAV12@V?$_String_const_iterator@V?$_String_val@U?$_Simple_types@D@std@@@std@@@2@0V?$_String_iterator@V?$_String_val@U?$_Simple_types@D@std@@@std@@@2@1@Z 000000018003fba0 f i ControllerBase.obj
 0002:0000ce10       ?replace@?$basic_string@DU?$char_traits@D@std@@V?$allocator@D@2@@std@@QEAAAEAV12@_K0AEBV12@00@Z 000000018003fe10 f i ControllerBase.obj
 0002:0000d5a0       ?replace@?$basic_string@DU?$char_traits@D@std@@V?$allocator@D@2@@std@@QEAAAEAV12@_K0PEBD0@Z 00000001800405a0 f i ControllerBase.obj
 0002:0000d8f0       ?size@?$basic_string@DU?$char_traits@D@std@@V?$allocator@D@2@@std@@QEBA_KXZ 00000001800408f0 f i ControllerBase.obj
 0002:0000d930       __local_stdio_printf_options 0000000180040930 f i ControllerBase.obj
 0002:0000d940       _vscprintf                 0000000180040940 f i ControllerBase.obj
 0002:0000d990       _vscprintf_l               0000000180040990 f i ControllerBase.obj
 0002:0000da40       _vsprintf_s_l              0000000180040a40 f i ControllerBase.obj
 0002:0000daf0       sprintf_s                  0000000180040af0 f i ControllerBase.obj
 0002:0000dbd0       ??0ControllerCombiner@@QEAA@I@Z 0000000180040bd0 f   ControllerCombiner.obj
 0002:0000dca0       ??1ControllerCombiner@@UEAA@XZ 0000000180040ca0 f   ControllerCombiner.obj
 0002:0000dd70       ?CreateDevice@ControllerCombiner@@UEAAKXZ 0000000180040d70 f   ControllerCombiner.obj
 0002:0000e110       ?Initalized@ControllerCombiner@@UEAA_NXZ 0000000180041110 f   ControllerCombiner.obj
 0002:0000e280       ?CancelGuideButtonWait@ControllerCombiner@@UEAAKXZ 0000000180041280 f   ControllerCombiner.obj
 0002:0000e300       ?GetAudioDeviceIds@ControllerCombiner@@UEAAKPEA_WPEAI01@Z 0000000180041300 f   ControllerCombiner.obj
 0002:0000e3c0       ?GetBatteryInformation@ControllerCombiner@@UEAAKEPEAU_XINPUT_BATTERY_INFORMATION@@@Z 00000001800413c0 f   ControllerCombiner.obj
 0002:0000e460       ?GetBaseBusInformation@ControllerCombiner@@UEAAKPEAUXINPUT_BUSINFO@@@Z 0000000180041460 f   ControllerCombiner.obj
 0002:0000e4f0       ?GetCapabilities@ControllerCombiner@@UEAAKKPEAU_XINPUT_CAPABILITIES@@@Z 00000001800414f0 f   ControllerCombiner.obj
 0002:0000e590       ?GetCapabilitiesEx@ControllerCombiner@@UEAAKKKPEAUXINPUT_CAPABILITIESEX@@@Z 0000000180041590 f   ControllerCombiner.obj
 0002:0000e640       ?GetDSoundAudioDeviceGuids@ControllerCombiner@@UEAAKPEAU_GUID@@0@Z 0000000180041640 f   ControllerCombiner.obj
 0002:0000e6e0       ?GetKeystroke@ControllerCombiner@@UEAAKKPEAU_XINPUT_KEYSTROKE@@@Z 00000001800416e0 f   ControllerCombiner.obj
 0002:0000e780       ?GetState@ControllerCombiner@@UEAAKPEAU_XINPUT_STATE@@@Z 0000000180041780 f   ControllerCombiner.obj
 0002:0000ec90       ?GetStateEx@ControllerCombiner@@UEAAKPEAU_XINPUT_STATE@@@Z 0000000180041c90 f   ControllerCombiner.obj
 0002:0000ed20       ?PowerOffController@ControllerCombiner@@UEAAKXZ 0000000180041d20 f   ControllerCombiner.obj
 0002:0000eda0       ?SetState@ControllerCombiner@@UEAAKPEAU_XINPUT_VIBRATION@@@Z 0000000180041da0 f   ControllerCombiner.obj
 0002:0000ee30       ?WaitForGuideButton@ControllerCombiner@@UEAAKKPEAX@Z 0000000180041e30 f   ControllerCombiner.obj
 0002:0000eed0       ?GetControllers@ControllerCombiner@@QEAAAEAV?$vector@V?$shared_ptr@VControllerBase@@@std@@V?$allocator@V?$shared_ptr@VControllerBase@@@std@@@2@@std@@XZ 0000000180041ed0 f   ControllerCombiner.obj
 0002:0000eef0       ?CombineAxis@ControllerCombiner@@AEBAFFF@Z 0000000180041ef0 f   ControllerCombiner.obj
 0002:0000f410       ??$?0$$V@?$_Compressed_pair@U?$_Wrap_alloc@V?$allocator@V?$shared_ptr@VControllerBase@@@std@@@std@@@std@@V?$_Vector_val@U?$_Simple_types@V?$shared_ptr@VControllerBase@@@std@@@std@@@2@$00@std@@QEAA@U_Zero_then_variadic_args_t@1@@Z 0000000180042410 f i ControllerCombiner.obj
 0002:0000f470       ??$?0AEAPEAUIDirectInput8A@@@?$_Compressed_pair@VCOMDeleter@@PEAUIDirectInput8A@@$00@std@@QEAA@U_Zero_then_variadic_args_t@1@AEAPEAUIDirectInput8A@@@Z 0000000180042470 f i ControllerCombiner.obj
 0002:0000f4d0       ??$?0AEAU?$_Wrap_alloc@V?$allocator@V?$shared_ptr@VControllerBase@@@std@@@std@@@std@@@?$_Wrap_alloc@V?$allocator@U_Container_proxy@std@@@std@@@std@@QEAA@AEAU?$_Wrap_alloc@V?$allocator@V?$shared_ptr@VControllerBase@@@std@@@std@@@1@@Z 00000001800424d0 f i ControllerCombiner.obj
 0002:0000f530       ??$?0PEAUIDirectInput8A@@@?$_Unique_ptr_base@UIDirectInput8A@@VCOMDeleter@@@std@@QEAA@PEAUIDirectInput8A@@@Z 0000000180042530 f i ControllerCombiner.obj
 0002:0000f590       ??$?0V?$shared_ptr@VControllerBase@@@std@@@?$allocator@U_Container_proxy@std@@@std@@QEAA@AEBV?$allocator@V?$shared_ptr@VControllerBase@@@std@@@1@@Z 0000000180042590 f i ControllerCombiner.obj
 0002:0000f5b0       ??$?8VControllerBase@@V0@@std@@YA_NAEBV?$shared_ptr@VControllerBase@@@0@0@Z 00000001800425b0 f i ControllerCombiner.obj
 0002:0000f630       ??$?RAEBEAEBE@?$less@X@std@@QEBA_NAEBE0@Z 0000000180042630 f i ControllerCombiner.obj
 0002:0000f6a0       ??$?RAEBFAEBF@?$less@X@std@@QEBA_NAEBF0@Z 00000001800426a0 f i ControllerCombiner.obj
 0002:0000f710       ??$?RAEBIAEBI@?$less@X@std@@QEBA_NAEBI0@Z 0000000180042710 f i ControllerCombiner.obj
 0002:0000f780       ??$?RUIDirectInput8A@@@COMDeleter@@QEAAXPEAUIDirectInput8A@@@Z 0000000180042780 f i ControllerCombiner.obj
 0002:0000f7d0       ??$_Debug_lt@AEBEAEBE@std@@YA_NAEBE0PEB_WI@Z 00000001800427d0 f i ControllerCombiner.obj
 0002:0000f870       ??$_Debug_lt@AEBFAEBF@std@@YA_NAEBF0PEB_WI@Z 0000000180042870 f i ControllerCombiner.obj
 0002:0000f910       ??$_Debug_lt@AEBIAEBI@std@@YA_NAEBI0PEB_WI@Z 0000000180042910 f i ControllerCombiner.obj
 0002:0000f9b0       ??$_Debug_lt_pred@U?$less@X@std@@AEBEAEBE@std@@YA_N$$QEAU?$less@X@0@AEBE1PEB_WI@Z 00000001800429b0 f i ControllerCombiner.obj
 0002:0000fa80       ??$_Debug_lt_pred@U?$less@X@std@@AEBFAEBF@std@@YA_N$$QEAU?$less@X@0@AEBF1PEB_WI@Z 0000000180042a80 f i ControllerCombiner.obj
 0002:0000fb50       ??$_Debug_lt_pred@U?$less@X@std@@AEBIAEBI@std@@YA_N$$QEAU?$less@X@0@AEBI1PEB_WI@Z 0000000180042b50 f i ControllerCombiner.obj
 0002:0000fc20       ??$_Destroy_range1@V?$allocator@V?$shared_ptr@VControllerBase@@@std@@@std@@PEAV?$shared_ptr@VControllerBase@@@2@@std@@YAXPEAV?$shared_ptr@VControllerBase@@@0@0AEAU?$_Wrap_alloc@V?$allocator@V?$shared_ptr@VControllerBase@@@std@@@std@@@0@U?$integral_constant@_N$0A@@0@@Z 0000000180042c20 f i ControllerCombiner.obj
 0002:0000fcb0       ??$_Destroy_range@V?$allocator@V?$shared_ptr@VControllerBase@@@std@@@std@@PEAV?$shared_ptr@VControllerBase@@@2@@std@@YAXPEAV?$shared_ptr@VControllerBase@@@0@0AEAU?$_Wrap_alloc@V?$allocator@V?$shared_ptr@VControllerBase@@@std@@@std@@@0@@Z 0000000180042cb0 f i ControllerCombiner.obj
 0002:0000fd10       ??$_Reset@VControllerBase@@@?$_Ptr_base@VControllerBase@@@std@@QEAAXAEBV01@@Z 0000000180042d10 f i ControllerCombiner.obj
 0002:0000fd70       ??$_Unfancy@V?$shared_ptr@VControllerBase@@@std@@@std@@YAPEAV?$shared_ptr@VControllerBase@@@0@PEAV10@@Z 0000000180042d70 f i ControllerCombiner.obj
 0002:0000fd80       ??$destroy@V?$shared_ptr@VControllerBase@@@std@@@?$_Wrap_alloc@V?$allocator@V?$shared_ptr@VControllerBase@@@std@@@std@@@std@@QEAAXPEAV?$shared_ptr@VControllerBase@@@1@@Z 0000000180042d80 f i ControllerCombiner.obj
 0002:0000fdd0       ??$destroy@V?$shared_ptr@VControllerBase@@@std@@@?$allocator@V?$shared_ptr@VControllerBase@@@std@@@std@@QEAAXPEAV?$shared_ptr@VControllerBase@@@1@@Z 0000000180042dd0 f i ControllerCombiner.obj
 0002:0000fe20       ??$destroy@V?$shared_ptr@VControllerBase@@@std@@@?$allocator_traits@V?$allocator@V?$shared_ptr@VControllerBase@@@std@@@std@@@std@@SAXAEAV?$allocator@V?$shared_ptr@VControllerBase@@@std@@@1@PEAV?$shared_ptr@VControllerBase@@@1@@Z 0000000180042e20 f i ControllerCombiner.obj
 0002:0000fe70       ??$forward@AEAPEAUIDirectInput8A@@@std@@YAAEAPEAUIDirectInput8A@@AEAPEAU1@@Z 0000000180042e70 f i ControllerCombiner.obj
 0002:0000fe80       ??$forward@AEAU?$_Wrap_alloc@V?$allocator@V?$shared_ptr@VControllerBase@@@std@@@std@@@std@@@std@@YAAEAU?$_Wrap_alloc@V?$allocator@V?$shared_ptr@VControllerBase@@@std@@@std@@@0@AEAU10@@Z 0000000180042e80 f i ControllerCombiner.obj
 0002:0000fe90       ??$forward@AEBE@std@@YAAEBEAEBE@Z 0000000180042e90 f i ControllerCombiner.obj
 0002:0000fea0       ??$forward@AEBF@std@@YAAEBFAEBF@Z 0000000180042ea0 f i ControllerCombiner.obj
 0002:0000feb0       ??$forward@AEBI@std@@YAAEBIAEBI@Z 0000000180042eb0 f i ControllerCombiner.obj
 0002:0000fec0       ??$max@E@std@@YAAEBEAEBE0@Z 0000000180042ec0 f i ControllerCombiner.obj
 0002:0000ff50       ??$max@F@std@@YAAEBFAEBF0@Z 0000000180042f50 f i ControllerCombiner.obj
 0002:0000ffe0       ??$max@I@std@@YAAEBIAEBI0@Z 0000000180042fe0 f i ControllerCombiner.obj
 0002:00010070       ??$min@F@std@@YAAEBFAEBF0@Z 0000000180043070 f i ControllerCombiner.obj
 0002:00010100       ??$move@AEAPEAVControllerBase@@@std@@YA$$QEAPEAVControllerBase@@AEAPEAV1@@Z 0000000180043100 f i ControllerCombiner.obj
 0002:00010110       ??$move@AEAPEAV_Ref_count_base@std@@@std@@YA$$QEAPEAV_Ref_count_base@0@AEAPEAV10@@Z 0000000180043110 f i ControllerCombiner.obj
 0002:00010120       ??$swap@PEAVControllerBase@@X@std@@YAXAEAPEAVControllerBase@@0@Z 0000000180043120 f i ControllerCombiner.obj
 0002:000101e0       ??$swap@PEAV_Ref_count_base@std@@X@std@@YAXAEAPEAV_Ref_count_base@0@0@Z 00000001800431e0 f i ControllerCombiner.obj
 0002:000102a0       ??0?$_Iterator012@Urandom_access_iterator_tag@std@@V?$shared_ptr@VControllerBase@@@2@_JPEBV32@AEBV32@U_Iterator_base12@2@@std@@QEAA@XZ 00000001800432a0 f i ControllerCombiner.obj
 0002:000102e0       ??0?$_Ptr_base@VControllerBase@@@std@@QEAA@XZ 00000001800432e0 f i ControllerCombiner.obj
 0002:00010310       ??0?$_Vector_alloc@U?$_Vec_base_types@V?$shared_ptr@VControllerBase@@@std@@V?$allocator@V?$shared_ptr@VControllerBase@@@std@@@2@@std@@@std@@QEAA@XZ 0000000180043310 f i ControllerCombiner.obj
 0002:00010380       ??0?$_Vector_const_iterator@V?$_Vector_val@U?$_Simple_types@V?$shared_ptr@VControllerBase@@@std@@@std@@@std@@@std@@QEAA@PEAV?$shared_ptr@VControllerBase@@@1@PEBU_Container_base12@1@@Z 0000000180043380 f i ControllerCombiner.obj
 0002:00010400       ??0?$_Vector_iterator@V?$_Vector_val@U?$_Simple_types@V?$shared_ptr@VControllerBase@@@std@@@std@@@std@@@std@@QEAA@PEAV?$shared_ptr@VControllerBase@@@1@PEBU_Container_base12@1@@Z 0000000180043400 f i ControllerCombiner.obj
 0002:00010460       ??0?$_Vector_val@U?$_Simple_types@V?$shared_ptr@VControllerBase@@@std@@@std@@@std@@QEAA@XZ 0000000180043460 f i ControllerCombiner.obj
 0002:000104d0       ??0?$_Wrap_alloc@V?$allocator@V?$shared_ptr@VControllerBase@@@std@@@std@@@std@@QEAA@XZ 00000001800434d0 f i ControllerCombiner.obj
 0002:00010510       ??0?$allocator@V?$shared_ptr@VControllerBase@@@std@@@std@@QEAA@XZ 0000000180043510 f i ControllerCombiner.obj
 0002:00010520       ??0?$shared_ptr@VControllerBase@@@std@@QEAA@AEBV01@@Z 0000000180043520 f i ControllerCombiner.obj
 0002:00010590       ??0?$shared_ptr@VControllerBase@@@std@@QEAA@XZ 0000000180043590 f i ControllerCombiner.obj
 0002:000105d0       ??0?$unique_ptr@UIDirectInput8A@@VCOMDeleter@@@std@@QEAA@XZ 00000001800435d0 f i ControllerCombiner.obj
 0002:00010620       ??0?$vector@V?$shared_ptr@VControllerBase@@@std@@V?$allocator@V?$shared_ptr@VControllerBase@@@std@@@2@@std@@QEAA@XZ 0000000180043620 f i ControllerCombiner.obj
 0002:00010670       ??0Config@@QEAA@XZ         0000000180043670 f i ControllerCombiner.obj
 0002:00010680       ??0ControllerManager@@QEAA@XZ 0000000180043680 f i ControllerCombiner.obj
 0002:00010ab0       ??1?$_Compressed_pair@U?$_Wrap_alloc@V?$allocator@V?$shared_ptr@VControllerBase@@@std@@@std@@@std@@V?$_Vector_val@U?$_Simple_types@V?$shared_ptr@VControllerBase@@@std@@@std@@@2@$00@std@@QEAA@XZ 0000000180043ab0 f i ControllerCombiner.obj
 0002:00010af0       ??1?$_Iterator012@Urandom_access_iterator_tag@std@@V?$shared_ptr@VControllerBase@@@2@_JPEBV32@AEBV32@U_Iterator_base12@2@@std@@QEAA@XZ 0000000180043af0 f i ControllerCombiner.obj
 0002:00010b30       ??1?$_Vector_alloc@U?$_Vec_base_types@V?$shared_ptr@VControllerBase@@@std@@V?$allocator@V?$shared_ptr@VControllerBase@@@std@@@2@@std@@@std@@QEAA@XZ 0000000180043b30 f i ControllerCombiner.obj
 0002:00010b90       ??1?$_Vector_const_iterator@V?$_Vector_val@U?$_Simple_types@V?$shared_ptr@VControllerBase@@@std@@@std@@@std@@@std@@QEAA@XZ 0000000180043b90 f i ControllerCombiner.obj
 0002:00010bd0       ??1?$_Vector_iterator@V?$_Vector_val@U?$_Simple_types@V?$shared_ptr@VControllerBase@@@std@@@std@@@std@@@std@@QEAA@XZ 0000000180043bd0 f i ControllerCombiner.obj
 0002:00010c10       ??1?$_Vector_val@U?$_Simple_types@V?$shared_ptr@VControllerBase@@@std@@@std@@@std@@QEAA@XZ 0000000180043c10 f i ControllerCombiner.obj
 0002:00010c50       ??1?$shared_ptr@VControllerBase@@@std@@QEAA@XZ 0000000180043c50 f i ControllerCombiner.obj
 0002:00010ca0       ??1?$unique_ptr@UIDirectInput8A@@VCOMDeleter@@@std@@QEAA@XZ 0000000180043ca0 f i ControllerCombiner.obj
 0002:00010d30       ??1?$vector@V?$shared_ptr@VControllerBase@@@std@@V?$allocator@V?$shared_ptr@VControllerBase@@@std@@@2@@std@@QEAA@XZ 0000000180043d30 f i ControllerCombiner.obj
 0002:00010d90       ??1Config@@QEAA@XZ         0000000180043d90 f i ControllerCombiner.obj
 0002:00010da0       ??1ControllerManager@@QEAA@XZ 0000000180043da0 f i ControllerCombiner.obj
 0002:00010e70       ??4?$shared_ptr@VControllerBase@@@std@@QEAAAEAV01@AEBV01@@Z 0000000180043e70 f i ControllerCombiner.obj
 0002:00010ee0       ??8?$_Vector_const_iterator@V?$_Vector_val@U?$_Simple_types@V?$shared_ptr@VControllerBase@@@std@@@std@@@std@@@std@@QEBA_NAEBV01@@Z 0000000180043ee0 f i ControllerCombiner.obj
 0002:00010f60       ??9?$_Vector_const_iterator@V?$_Vector_val@U?$_Simple_types@V?$shared_ptr@VControllerBase@@@std@@@std@@@std@@@std@@QEBA_NAEBV01@@Z 0000000180043f60 f i ControllerCombiner.obj
 0002:00010fd0       ??B?$shared_ptr@VControllerBase@@@std@@QEBA_NXZ 0000000180043fd0 f i ControllerCombiner.obj
 0002:00011030       ??B?$unique_ptr@UIDirectInput8A@@VCOMDeleter@@@std@@QEBA_NXZ 0000000180044030 f i ControllerCombiner.obj
 0002:00011090       ??C?$shared_ptr@VControllerBase@@@std@@QEBAPEAVControllerBase@@XZ 0000000180044090 f i ControllerCombiner.obj
 0002:000110d0       ??D?$_Vector_const_iterator@V?$_Vector_val@U?$_Simple_types@V?$shared_ptr@VControllerBase@@@std@@@std@@@std@@@std@@QEBAAEBV?$shared_ptr@VControllerBase@@@1@XZ 00000001800440d0 f i ControllerCombiner.obj
 0002:00011220       ??D?$_Vector_iterator@V?$_Vector_val@U?$_Simple_types@V?$shared_ptr@VControllerBase@@@std@@@std@@@std@@@std@@QEBAAEAV?$shared_ptr@VControllerBase@@@1@XZ 0000000180044220 f i ControllerCombiner.obj
 0002:00011260       ??E?$_Vector_const_iterator@V?$_Vector_val@U?$_Simple_types@V?$shared_ptr@VControllerBase@@@std@@@std@@@std@@@std@@QEAAAEAV01@XZ 0000000180044260 f i ControllerCombiner.obj
 0002:000113b0       ??E?$_Vector_iterator@V?$_Vector_val@U?$_Simple_types@V?$shared_ptr@VControllerBase@@@std@@@std@@@std@@@std@@QEAAAEAV01@XZ 00000001800443b0 f i ControllerCombiner.obj
 0002:000113f0       ??_G?$shared_ptr@VControllerBase@@@std@@QEAAPEAXI@Z 00000001800443f0 f i ControllerCombiner.obj
 0002:00011460       ??_EControllerCombiner@@UEAAPEAXI@Z 0000000180044460 f i ControllerCombiner.obj
 0002:00011460       ??_GControllerCombiner@@UEAAPEAXI@Z 0000000180044460 f i ControllerCombiner.obj
 0002:000114d0       ?Get@ControllerManager@@SAAEAV1@XZ 00000001800444d0 f i ControllerCombiner.obj
 0002:000115a0       ?XInputEnabled@ControllerManager@@QEAA_NXZ 00000001800445a0 f i ControllerCombiner.obj
 0002:000115e0       ?_Alloc_proxy@?$_Vector_alloc@U?$_Vec_base_types@V?$shared_ptr@VControllerBase@@@std@@V?$allocator@V?$shared_ptr@VControllerBase@@@std@@@2@@std@@@std@@QEAAXXZ 00000001800445e0 f i ControllerCombiner.obj
 0002:00011720       ?_Compat@?$_Vector_const_iterator@V?$_Vector_val@U?$_Simple_types@V?$shared_ptr@VControllerBase@@@std@@@std@@@std@@@std@@QEBAXAEBV12@@Z 0000000180044720 f i ControllerCombiner.obj
 0002:00011840       ?_Decref@?$_Ptr_base@VControllerBase@@@std@@QEAAXXZ 0000000180044840 f i ControllerCombiner.obj
 0002:00011890       ?_Decref@_Ref_count_base@std@@QEAAXXZ 0000000180044890 f i ControllerCombiner.obj
 0002:00011900       ?_Decwref@_Ref_count_base@std@@QEAAXXZ 0000000180044900 f i ControllerCombiner.obj
 0002:00011970       ?_Destroy@?$vector@V?$shared_ptr@VControllerBase@@@std@@V?$allocator@V?$shared_ptr@VControllerBase@@@std@@@2@@std@@IEAAXPEAV?$shared_ptr@VControllerBase@@@2@0@Z 0000000180044970 f i ControllerCombiner.obj
 0002:000119d0       ?_Free_proxy@?$_Vector_alloc@U?$_Vec_base_types@V?$shared_ptr@VControllerBase@@@std@@V?$allocator@V?$shared_ptr@VControllerBase@@@std@@@2@@std@@@std@@QEAAXXZ 00000001800449d0 f i ControllerCombiner.obj
 0002:00011ad0       ?_Get@?$_Ptr_base@VControllerBase@@@std@@QEBAPEAVControllerBase@@XZ 0000000180044ad0 f i ControllerCombiner.obj
 0002:00011af0       ?_Get_data@?$_Vector_alloc@U?$_Vec_base_types@V?$shared_ptr@VControllerBase@@@std@@V?$allocator@V?$shared_ptr@VControllerBase@@@std@@@2@@std@@@std@@QEAAAEAV?$_Vector_val@U?$_Simple_types@V?$shared_ptr@VControllerBase@@@std@@@std@@@2@XZ 0000000180044af0 f i ControllerCombiner.obj
 0002:00011b30       ?_Get_first@?$_Compressed_pair@U?$_Wrap_alloc@V?$allocator@V?$shared_ptr@VControllerBase@@@std@@@std@@@std@@V?$_Vector_val@U?$_Simple_types@V?$shared_ptr@VControllerBase@@@std@@@std@@@2@$00@std@@QEAAAEAU?$_Wrap_alloc@V?$allocator@V?$shared_ptr@VControllerBase@@@std@@@std@@@2@XZ 0000000180044b30 f i ControllerCombiner.obj
 0002:00011b40       ?_Get_first@?$_Compressed_pair@VCOMDeleter@@PEAUIDirectInput8A@@$00@std@@QEAAAEAVCOMDeleter@@XZ 0000000180044b40 f i ControllerCombiner.obj
 0002:00011b50       ?_Get_second@?$_Compressed_pair@U?$_Wrap_alloc@V?$allocator@V?$shared_ptr@VControllerBase@@@std@@@std@@@std@@V?$_Vector_val@U?$_Simple_types@V?$shared_ptr@VControllerBase@@@std@@@std@@@2@$00@std@@QEAAAEAV?$_Vector_val@U?$_Simple_types@V?$shared_ptr@VControllerBase@@@std@@@std@@@2@XZ 0000000180044b50 f i ControllerCombiner.obj
 0002:00011b60       ?_Get_second@?$_Compressed_pair@VCOMDeleter@@PEAUIDirectInput8A@@$00@std@@QEBAAEBQEAUIDirectInput8A@@XZ 0000000180044b60 f i ControllerCombiner.obj
 0002:00011b70       ?_Getal@?$_Vector_alloc@U?$_Vec_base_types@V?$shared_ptr@VControllerBase@@@std@@V?$allocator@V?$shared_ptr@VControllerBase@@@std@@@2@@std@@@std@@QEAAAEAU?$_Wrap_alloc@V?$allocator@V?$shared_ptr@VControllerBase@@@std@@@std@@@2@XZ 0000000180044b70 f i ControllerCombiner.obj
 0002:00011bb0       ?_Incref@_Ref_count_base@std@@QEAAXXZ 0000000180044bb0 f i ControllerCombiner.obj
 0002:00011bd0       ?_Myend@?$_Vector_alloc@U?$_Vec_base_types@V?$shared_ptr@VControllerBase@@@std@@V?$allocator@V?$shared_ptr@VControllerBase@@@std@@@2@@std@@@std@@QEAAAEAPEAV?$shared_ptr@VControllerBase@@@2@XZ 0000000180044bd0 f i ControllerCombiner.obj
 0002:00011c10       ?_Myfirst@?$_Vector_alloc@U?$_Vec_base_types@V?$shared_ptr@VControllerBase@@@std@@V?$allocator@V?$shared_ptr@VControllerBase@@@std@@@2@@std@@@std@@QEAAAEAPEAV?$shared_ptr@VControllerBase@@@2@XZ 0000000180044c10 f i ControllerCombiner.obj
 0002:00011c50       ?_Mylast@?$_Vector_alloc@U?$_Vec_base_types@V?$shared_ptr@VControllerBase@@@std@@V?$allocator@V?$shared_ptr@VControllerBase@@@std@@@2@@std@@@std@@QEAAAEAPEAV?$shared_ptr@VControllerBase@@@2@XZ 0000000180044c50 f i ControllerCombiner.obj
 0002:00011c90       ?_Myproxy@?$_Vector_alloc@U?$_Vec_base_types@V?$shared_ptr@VControllerBase@@@std@@V?$allocator@V?$shared_ptr@VControllerBase@@@std@@@2@@std@@@std@@QEAAAEAPEAU_Container_proxy@2@XZ 0000000180044c90 f i ControllerCombiner.obj
 0002:00011cd0       ?_Myptr@?$_Unique_ptr_base@UIDirectInput8A@@VCOMDeleter@@@std@@QEBAAEBQEAUIDirectInput8A@@XZ 0000000180044cd0 f i ControllerCombiner.obj
 0002:00011d10       ?_Orphan_all@?$_Vector_alloc@U?$_Vec_base_types@V?$shared_ptr@VControllerBase@@@std@@V?$allocator@V?$shared_ptr@VControllerBase@@@std@@@2@@std@@@std@@QEAAXXZ 0000000180044d10 f i ControllerCombiner.obj
 0002:00011d60       ?_Reset0@?$_Ptr_base@VControllerBase@@@std@@QEAAXPEAVControllerBase@@PEAV_Ref_count_base@2@@Z 0000000180044d60 f i ControllerCombiner.obj
 0002:00011de0       ?_Reset@?$_Ptr_base@VControllerBase@@@std@@QEAAXPEAVControllerBase@@PEAV_Ref_count_base@2@@Z 0000000180044de0 f i ControllerCombiner.obj
 0002:00011e50       ?_Swap@?$_Ptr_base@VControllerBase@@@std@@QEAAXAEAV12@@Z 0000000180044e50 f i ControllerCombiner.obj
 0002:00011ec0       ?_Tidy@?$vector@V?$shared_ptr@VControllerBase@@@std@@V?$allocator@V?$shared_ptr@VControllerBase@@@std@@@2@@std@@IEAAXXZ 0000000180044ec0 f i ControllerCombiner.obj
 0002:00012010       ?__autoclassinit2@?$_Vector_iterator@V?$_Vector_val@U?$_Simple_types@V?$shared_ptr@VControllerBase@@@std@@@std@@@std@@@std@@QEAAX_K@Z 0000000180045010 f i ControllerCombiner.obj
 0002:00012040       ?__autoclassinit2@ControllerManager@@QEAAX_K@Z 0000000180045040 f i ControllerCombiner.obj
 0002:00012070       ?begin@?$vector@V?$shared_ptr@VControllerBase@@@std@@V?$allocator@V?$shared_ptr@VControllerBase@@@std@@@2@@std@@QEAA?AV?$_Vector_iterator@V?$_Vector_val@U?$_Simple_types@V?$shared_ptr@VControllerBase@@@std@@@std@@@std@@@2@XZ 0000000180045070 f i ControllerCombiner.obj
 0002:00012100       ?clear@?$vector@V?$shared_ptr@VControllerBase@@@std@@V?$allocator@V?$shared_ptr@VControllerBase@@@std@@@2@@std@@QEAAXXZ 0000000180045100 f i ControllerCombiner.obj
 0002:000121c0       ?deallocate@?$_Wrap_alloc@V?$allocator@V?$shared_ptr@VControllerBase@@@std@@@std@@@std@@QEAAXPEAV?$shared_ptr@VControllerBase@@@2@_K@Z 00000001800451c0 f i ControllerCombiner.obj
 0002:00012220       ?deallocate@?$allocator@V?$shared_ptr@VControllerBase@@@std@@@std@@QEAAXPEAV?$shared_ptr@VControllerBase@@@2@_K@Z 0000000180045220 f i ControllerCombiner.obj
 0002:00012280       ?end@?$vector@V?$shared_ptr@VControllerBase@@@std@@V?$allocator@V?$shared_ptr@VControllerBase@@@std@@@2@@std@@QEAA?AV?$_Vector_iterator@V?$_Vector_val@U?$_Simple_types@V?$shared_ptr@VControllerBase@@@std@@@std@@@std@@@2@XZ 0000000180045280 f i ControllerCombiner.obj
 0002:00012310       ?get@?$shared_ptr@VControllerBase@@@std@@QEBAPEAVControllerBase@@XZ 0000000180045310 f i ControllerCombiner.obj
 0002:00012350       ?get@?$unique_ptr@UIDirectInput8A@@VCOMDeleter@@@std@@QEBAPEAUIDirectInput8A@@XZ 0000000180045350 f i ControllerCombiner.obj
 0002:00012390       ?get_deleter@?$_Unique_ptr_base@UIDirectInput8A@@VCOMDeleter@@@std@@QEAAAEAVCOMDeleter@@XZ 0000000180045390 f i ControllerCombiner.obj
 0002:000123d0       ?swap@?$shared_ptr@VControllerBase@@@std@@QEAAXAEAV12@@Z 00000001800453d0 f i ControllerCombiner.obj
 0002:00012420       HRESULT_FROM_WIN32         0000000180045420 f i ControllerCombiner.obj
 0002:00012480       ?ReadConfig@Config@@QEAAXXZ 0000000180045480 f   Config.obj
 0002:00012fb0       ?ReadPadConfig@Config@@AEAA_NPEAVController@@AEBV?$basic_string@DU?$char_traits@D@std@@V?$allocator@D@2@@std@@PEAVIniFile@@@Z 0000000180045fb0 f   Config.obj
 0002:00013960       ?ReadPadMapping@Config@@AEAAXPEAVController@@AEBV?$basic_string@DU?$char_traits@D@std@@V?$allocator@D@2@@std@@PEAVIniFile@@@Z 0000000180046960 f   Config.obj
 0002:00014430       ?ParsePrefix@Config@@AEAAXAEBV?$basic_string@DU?$char_traits@D@std@@V?$allocator@D@2@@std@@PEAW4MappingType@1@PEAC@Z 0000000180047430 f   Config.obj
 0002:00014e30       ??$?0$$V@?$_Compressed_pair@U?$_Wrap_alloc@V?$allocator@U?$_List_node@VSection@IniFile@@PEAX@std@@@std@@@std@@V?$_List_val@U?$_List_simple_types@VSection@IniFile@@@std@@@2@$00@std@@QEAA@U_Zero_then_variadic_args_t@1@@Z 0000000180047e30 f i Config.obj
 0002:00014e90       ??$?0$$V@?$_Compressed_pair@U?$_Wrap_alloc@V?$allocator@U?$_Tree_node@U?$pair@$$CBV?$basic_string@DU?$char_traits@D@std@@V?$allocator@D@2@@std@@V12@@std@@PEAX@std@@@std@@@std@@V?$_Tree_val@U?$_Tree_simple_types@U?$pair@$$CBV?$basic_string@DU?$char_traits@D@std@@V?$allocator@D@2@@std@@V12@@std@@@std@@@2@$00@std@@QEAA@U_Zero_then_variadic_args_t@1@@Z 0000000180047e90 f i Config.obj
 0002:00014ef0       ??$?0AEAU?$_Wrap_alloc@V?$allocator@U?$_List_node@VSection@IniFile@@PEAX@std@@@std@@@std@@@?$_Wrap_alloc@V?$allocator@U_Container_proxy@std@@@std@@@std@@QEAA@AEAU?$_Wrap_alloc@V?$allocator@U?$_List_node@VSection@IniFile@@PEAX@std@@@std@@@1@@Z 0000000180047ef0 f i Config.obj
 0002:00014f50       ??$?0AEAU?$_Wrap_alloc@V?$allocator@U?$_Tree_node@U?$pair@$$CBV?$basic_string@DU?$char_traits@D@std@@V?$allocator@D@2@@std@@V12@@std@@PEAX@std@@@std@@@std@@@?$_Wrap_alloc@V?$allocator@U_Container_proxy@std@@@std@@@std@@QEAA@AEAU?$_Wrap_alloc@V?$allocator@U?$_Tree_node@U?$pair@$$CBV?$basic_string@DU?$char_traits@D@std@@V?$allocator@D@2@@std@@V12@@std@@PEAX@std@@@std@@@1@@Z 0000000180047f50 f i Config.obj
 0002:00014fb0       ??$?0AEAU?$_Wrap_alloc@V?$allocator@V?$basic_string@DU?$char_traits@D@std@@V?$allocator@D@2@@std@@@std@@@std@@@?$_Wrap_alloc@V?$allocator@U_Container_proxy@std@@@std@@@std@@QEAA@AEAU?$_Wrap_alloc@V?$allocator@V?$basic_string@DU?$char_traits@D@std@@V?$allocator@D@2@@std@@@std@@@1@@Z 0000000180047fb0 f i Config.obj
 0002:00015010       ??$?0AEBUInsensitiveCompare@@U_Zero_then_variadic_args_t@std@@@?$_Compressed_pair@UInsensitiveCompare@@V?$_Compressed_pair@U?$_Wrap_alloc@V?$allocator@U?$_Tree_node@U?$pair@$$CBV?$basic_string@DU?$char_traits@D@std@@V?$allocator@D@2@@std@@V12@@std@@PEAX@std@@@std@@@std@@V?$_Tree_val@U?$_Tree_simple_types@U?$pair@$$CBV?$basic_string@DU?$char_traits@D@std@@V?$allocator@D@2@@std@@V12@@std@@@std@@@2@$00@std@@$00@std@@QEAA@U_One_then_variadic_args_t@1@AEBUInsensitiveCompare@@$$QEAU_Zero_then_variadic_args_t@1@@Z 0000000180048010 f i Config.obj
 0002:00015080       ??$?0U?$_List_node@VSection@IniFile@@PEAX@std@@@?$allocator@U_Container_proxy@std@@@std@@QEAA@AEBV?$allocator@U?$_List_node@VSection@IniFile@@PEAX@std@@@1@@Z 0000000180048080 f i Config.obj
 0002:000150a0       ??$?0U?$_Tree_node@U?$pair@$$CBV?$basic_string@DU?$char_traits@D@std@@V?$allocator@D@2@@std@@V12@@std@@PEAX@std@@@?$allocator@U_Container_proxy@std@@@std@@QEAA@AEBV?$allocator@U?$_Tree_node@U?$pair@$$CBV?$basic_string@DU?$char_traits@D@std@@V?$allocator@D@2@@std@@V12@@std@@PEAX@std@@@1@@Z 00000001800480a0 f i Config.obj
 0002:000150c0       ??$?0U?$integral_constant@_N$00@std@@@_Any_tag@std@@QEAA@$$QEAU?$integral_constant@_N$00@1@@Z 00000001800480c0 f i Config.obj
 0002:000150e0       ??$?0V?$basic_string@DU?$char_traits@D@std@@V?$allocator@D@2@@std@@@?$allocator@U_Container_proxy@std@@@std@@QEAA@AEBV?$allocator@V?$basic_string@DU?$char_traits@D@std@@V?$allocator@D@2@@std@@@1@@Z 00000001800480e0 f i Config.obj
 0002:00015100       ??$?0VController@@@?$shared_ptr@VController@@@std@@QEAA@PEAVController@@@Z 0000000180048100 f i Config.obj
 0002:00015160       ??$?0VController@@X@?$shared_ptr@VControllerBase@@@std@@QEAA@AEBV?$shared_ptr@VController@@@1@@Z 0000000180048160 f i Config.obj
 0002:000151d0       ??$?0VControllerBase@@@?$shared_ptr@VControllerCombiner@@@std@@QEAA@AEBV?$shared_ptr@VControllerBase@@@1@PEAVControllerCombiner@@@Z 00000001800481d0 f i Config.obj
 0002:00015250       ??$?0VControllerCombiner@@@?$shared_ptr@VControllerCombiner@@@std@@QEAA@PEAVControllerCombiner@@@Z 0000000180048250 f i Config.obj
 0002:000152b0       ??$?0VControllerCombiner@@X@?$shared_ptr@VControllerBase@@@std@@QEAA@AEBV?$shared_ptr@VControllerCombiner@@@1@@Z 00000001800482b0 f i Config.obj
 0002:00015320       ??$Get@C@IniFile@@QEAA_NAEBV?$basic_string@DU?$char_traits@D@std@@V?$allocator@D@2@@std@@0PEACAEBC@Z 0000000180048320 f i Config.obj
 0002:00015390       ??$Get@C@Section@IniFile@@QEAA_NAEBV?$basic_string@DU?$char_traits@D@std@@V?$allocator@D@2@@std@@PEACAEBC@Z 0000000180048390 f i Config.obj
 0002:000154e0       ??$Get@E@IniFile@@QEAA_NAEBV?$basic_string@DU?$char_traits@D@std@@V?$allocator@D@2@@std@@0PEAEAEBE@Z 00000001800484e0 f i Config.obj
 0002:00015550       ??$Get@E@Section@IniFile@@QEAA_NAEBV?$basic_string@DU?$char_traits@D@std@@V?$allocator@D@2@@std@@PEAEAEBE@Z 0000000180048550 f i Config.obj
 0002:000156a0       ??$Get@F@IniFile@@QEAA_NAEBV?$basic_string@DU?$char_traits@D@std@@V?$allocator@D@2@@std@@0PEAFAEBF@Z 00000001800486a0 f i Config.obj
 0002:00015710       ??$Get@F@Section@IniFile@@QEAA_NAEBV?$basic_string@DU?$char_traits@D@std@@V?$allocator@D@2@@std@@PEAFAEBF@Z 0000000180048710 f i Config.obj
 0002:00015860       ??$Get@G@IniFile@@QEAA_NAEBV?$basic_string@DU?$char_traits@D@std@@V?$allocator@D@2@@std@@0PEAGAEBG@Z 0000000180048860 f i Config.obj
 0002:000158d0       ??$Get@G@Section@IniFile@@QEAA_NAEBV?$basic_string@DU?$char_traits@D@std@@V?$allocator@D@2@@std@@PEAGAEBG@Z 00000001800488d0 f i Config.obj
 0002:00015a20       ??$Get@H@IniFile@@QEAA_NAEBV?$basic_string@DU?$char_traits@D@std@@V?$allocator@D@2@@std@@0PEAHAEBH@Z 0000000180048a20 f i Config.obj
 0002:00015a90       ??$Get@H@Section@IniFile@@QEAA_NAEBV?$basic_string@DU?$char_traits@D@std@@V?$allocator@D@2@@std@@PEAHAEBH@Z 0000000180048a90 f i Config.obj
 0002:00015be0       ??$Get@I@IniFile@@QEAA_NAEBV?$basic_string@DU?$char_traits@D@std@@V?$allocator@D@2@@std@@0PEAIAEBI@Z 0000000180048be0 f i Config.obj
 0002:00015c50       ??$Get@I@Section@IniFile@@QEAA_NAEBV?$basic_string@DU?$char_traits@D@std@@V?$allocator@D@2@@std@@PEAIAEBI@Z 0000000180048c50 f i Config.obj
 0002:00015da0       ??$Get@J@IniFile@@QEAA_NAEBV?$basic_string@DU?$char_traits@D@std@@V?$allocator@D@2@@std@@0PEAJAEBJ@Z 0000000180048da0 f i Config.obj
 0002:00015e10       ??$Get@J@Section@IniFile@@QEAA_NAEBV?$basic_string@DU?$char_traits@D@std@@V?$allocator@D@2@@std@@PEAJAEBJ@Z 0000000180048e10 f i Config.obj
 0002:00015f60       ??$Get@_N@IniFile@@QEAA_NAEBV?$basic_string@DU?$char_traits@D@std@@V?$allocator@D@2@@std@@0PEA_NAEB_N@Z 0000000180048f60 f i Config.obj
 0002:00015fd0       ??$Get@_N@Section@IniFile@@QEAA_NAEBV?$basic_string@DU?$char_traits@D@std@@V?$allocator@D@2@@std@@PEA_NAEB_N@Z 0000000180048fd0 f i Config.obj
 0002:00016120       ??$_Debug_pointer@$$CBD@std@@YAXPEBDPEB_WI@Z 0000000180049120 f i Config.obj
 0002:00016180       ??$_Debug_pointer@V<lambda_43aa84d1848c8b8758e048424c70791f>@@@std@@YAXAEAV<lambda_43aa84d1848c8b8758e048424c70791f>@@PEB_WI@Z 0000000180049180 f i Config.obj
 0002:000161a0       ??$_Debug_pointer@V?$_Vector_iterator@V?$_Vector_val@U?$_Simple_types@V?$shared_ptr@VControllerBase@@@std@@@std@@@std@@@std@@@std@@YAXAEAV?$_Vector_iterator@V?$_Vector_val@U?$_Simple_types@V?$shared_ptr@VControllerBase@@@std@@@std@@@std@@@0@PEB_WI@Z 00000001800491a0 f i Config.obj
 0002:000161c0       ??$_Debug_range_ptr2@V?$_Vector_iterator@V?$_Vector_val@U?$_Simple_types@V?$shared_ptr@VControllerBase@@@std@@@std@@@std@@@std@@V<lambda_43aa84d1848c8b8758e048424c70791f>@@@std@@YAXV?$_Vector_iterator@V?$_Vector_val@U?$_Simple_types@V?$shared_ptr@VControllerBase@@@std@@@std@@@std@@@0@0AEAV<lambda_43aa84d1848c8b8758e048424c70791f>@@PEB_WIUrandom_access_iterator_tag@0@@Z 00000001800491c0 f i Config.obj
 0002:000162d0       ??$_Debug_range_ptr@V?$_Vector_iterator@V?$_Vector_val@U?$_Simple_types@V?$shared_ptr@VControllerBase@@@std@@@std@@@std@@@std@@V<lambda_43aa84d1848c8b8758e048424c70791f>@@@std@@YAXV?$_Vector_iterator@V?$_Vector_val@U?$_Simple_types@V?$shared_ptr@VControllerBase@@@std@@@std@@@std@@@0@0AEAV<lambda_43aa84d1848c8b8758e048424c70791f>@@PEB_WI@Z 00000001800492d0 f i Config.obj
 0002:00016420       ??$_Destroy_range1@V?$allocator@V?$basic_string@DU?$char_traits@D@std@@V?$allocator@D@2@@std@@@std@@PEAV?$basic_string@DU?$char_traits@D@std@@V?$allocator@D@2@@2@@std@@YAXPEAV?$basic_string@DU?$char_traits@D@std@@V?$allocator@D@2@@0@0AEAU?$_Wrap_alloc@V?$allocator@V?$basic_string@DU?$char_traits@D@std@@V?$allocator@D@2@@std@@@std@@@0@U?$integral_constant@_N$0A@@0@@Z 0000000180049420 f i Config.obj
 0002:000164b0       ??$_Destroy_range@V?$allocator@V?$basic_string@DU?$char_traits@D@std@@V?$allocator@D@2@@std@@@std@@PEAV?$basic_string@DU?$char_traits@D@std@@V?$allocator@D@2@@2@@std@@YAXPEAV?$basic_string@DU?$char_traits@D@std@@V?$allocator@D@2@@0@0AEAU?$_Wrap_alloc@V?$allocator@V?$basic_string@DU?$char_traits@D@std@@V?$allocator@D@2@@std@@@std@@@0@@Z 00000001800494b0 f i Config.obj
 0002:00016510       ??$_Find_if_unchecked@PEAV?$shared_ptr@VControllerBase@@@std@@V<lambda_43aa84d1848c8b8758e048424c70791f>@@@std@@YAPEAV?$shared_ptr@VControllerBase@@@0@PEAV10@0AEAV<lambda_43aa84d1848c8b8758e048424c70791f>@@@Z 0000000180049510 f i Config.obj
 0002:000165c0       ??$_Ptr_move_cat@V?$shared_ptr@VControllerBase@@@std@@V12@@std@@YA?AU_General_ptr_iterator_tag@0@AEBQEAV?$shared_ptr@VControllerBase@@@0@0@Z 00000001800495c0 f i Config.obj
 0002:00016610       ??$_Rechecked@PEAV?$shared_ptr@VControllerBase@@@std@@PEAV12@@std@@YAAEAPEAV?$shared_ptr@VControllerBase@@@0@AEAPEAV10@PEAV10@@Z 0000000180049610 f i Config.obj
 0002:00016640       ??$_Rechecked@V?$_Vector_val@U?$_Simple_types@V?$shared_ptr@VControllerBase@@@std@@@std@@@std@@@std@@YAAEAV?$_Vector_iterator@V?$_Vector_val@U?$_Simple_types@V?$shared_ptr@VControllerBase@@@std@@@std@@@std@@@0@AEAV10@PEAV?$shared_ptr@VControllerBase@@@0@@Z 0000000180049640 f i Config.obj
 0002:00016690       ??$_Reset@VController@@@?$_Ptr_base@VControllerBase@@@std@@QEAAXAEBV?$_Ptr_base@VController@@@1@@Z 0000000180049690 f i Config.obj
 0002:000166f0       ??$_Reset@VControllerBase@@@?$_Ptr_base@VControllerCombiner@@@std@@QEAAXPEAVControllerCombiner@@AEBV?$_Ptr_base@VControllerBase@@@1@@Z 00000001800496f0 f i Config.obj
 0002:00016750       ??$_Reset@VControllerCombiner@@@?$_Ptr_base@VControllerBase@@@std@@QEAAXAEBV?$_Ptr_base@VControllerCombiner@@@1@@Z 0000000180049750 f i Config.obj
 0002:000167b0       ??$_Resetp0@VController@@@?$shared_ptr@VController@@@std@@QEAAXPEAVController@@PEAV_Ref_count_base@1@@Z 00000001800497b0 f i Config.obj
 0002:00016820       ??$_Resetp0@VControllerCombiner@@@?$shared_ptr@VControllerCombiner@@@std@@QEAAXPEAVControllerCombiner@@PEAV_Ref_count_base@1@@Z 0000000180049820 f i Config.obj
 0002:00016890       ??$_Resetp@VController@@@?$shared_ptr@VController@@@std@@AEAAXPEAVController@@@Z 0000000180049890 f i Config.obj
 0002:00016980       ??$_Resetp@VControllerCombiner@@@?$shared_ptr@VControllerCombiner@@@std@@AEAAXPEAVControllerCombiner@@@Z 0000000180049980 f i Config.obj
 0002:00016a70       ??$_Umove@PEAV?$shared_ptr@VControllerBase@@@std@@@?$vector@V?$shared_ptr@VControllerBase@@@std@@V?$allocator@V?$shared_ptr@VControllerBase@@@std@@@2@@std@@IEAAPEAV?$shared_ptr@VControllerBase@@@1@PEAV21@00@Z 0000000180049a70 f i Config.obj
 0002:00016ae0       ??$_Unchecked@PEAV?$shared_ptr@VControllerBase@@@std@@@std@@YAPEAV?$shared_ptr@VControllerBase@@@0@PEAV10@@Z 0000000180049ae0 f i Config.obj
 0002:00016af0       ??$_Unchecked@V?$_Vector_val@U?$_Simple_types@V?$shared_ptr@VControllerBase@@@std@@@std@@@std@@@std@@YAPEAV?$shared_ptr@VControllerBase@@@0@V?$_Vector_iterator@V?$_Vector_val@U?$_Simple_types@V?$shared_ptr@VControllerBase@@@std@@@std@@@std@@@0@@Z 0000000180049af0 f i Config.obj
 0002:00016b50       ??$_Unfancy@V?$basic_string@DU?$char_traits@D@std@@V?$allocator@D@2@@std@@@std@@YAPEAV?$basic_string@DU?$char_traits@D@std@@V?$allocator@D@2@@0@PEAV10@@Z 0000000180049b50 f i Config.obj
 0002:00016b60       ??$_Uninitialized_move@PEAV?$shared_ptr@VControllerBase@@@std@@PEAV12@V?$allocator@V?$shared_ptr@VControllerBase@@@std@@@2@@std@@YAPEAV?$shared_ptr@VControllerBase@@@0@PEAV10@00AEAU?$_Wrap_alloc@V?$allocator@V?$shared_ptr@VControllerBase@@@std@@@std@@@0@@Z 0000000180049b60 f i Config.obj
 0002:00016c10       ??$_Uninitialized_move_al_unchecked1@PEAV?$shared_ptr@VControllerBase@@@std@@PEAV12@V?$allocator@V?$shared_ptr@VControllerBase@@@std@@@2@@std@@YAPEAV?$shared_ptr@VControllerBase@@@0@PEAV10@00AEAU?$_Wrap_alloc@V?$allocator@V?$shared_ptr@VControllerBase@@@std@@@std@@@0@U_General_ptr_iterator_tag@0@U_Any_tag@0@@Z 0000000180049c10 f i Config.obj
 0002:00016ce0       ??$_Uninitialized_move_al_unchecked@PEAV?$shared_ptr@VControllerBase@@@std@@PEAV12@V?$allocator@V?$shared_ptr@VControllerBase@@@std@@@2@@std@@YAPEAV?$shared_ptr@VControllerBase@@@0@PEAV10@00AEAU?$_Wrap_alloc@V?$allocator@V?$shared_ptr@VControllerBase@@@std@@@std@@@0@@Z 0000000180049ce0 f i Config.obj
 0002:00016d90       ??$addressof@PEAU?$_List_node@VSection@IniFile@@PEAX@std@@@std@@YAPEAPEAU?$_List_node@VSection@IniFile@@PEAX@0@AEAPEAU10@@Z 0000000180049d90 f i Config.obj
 0002:00016da0       ??$addressof@PEAU?$_Tree_node@U?$pair@$$CBV?$basic_string@DU?$char_traits@D@std@@V?$allocator@D@2@@std@@V12@@std@@PEAX@std@@@std@@YAPEAPEAU?$_Tree_node@U?$pair@$$CBV?$basic_string@DU?$char_traits@D@std@@V?$allocator@D@2@@std@@V12@@std@@PEAX@0@AEAPEAU10@@Z 0000000180049da0 f i Config.obj
 0002:00016db0       ??$addressof@U?$pair@$$CBV?$basic_string@DU?$char_traits@D@std@@V?$allocator@D@2@@std@@V12@@std@@@std@@YAPEAU?$pair@$$CBV?$basic_string@DU?$char_traits@D@std@@V?$allocator@D@2@@std@@V12@@0@AEAU10@@Z 0000000180049db0 f i Config.obj
 0002:00016dc0       ??$addressof@V?$shared_ptr@VControllerBase@@@std@@@std@@YAPEAV?$shared_ptr@VControllerBase@@@0@AEAV10@@Z 0000000180049dc0 f i Config.obj
 0002:00016dd0       ??$addressof@VSection@IniFile@@@std@@YAPEAVSection@IniFile@@AEAV12@@Z 0000000180049dd0 f i Config.obj
 0002:00016de0       ??$construct@PEAU?$_List_node@VSection@IniFile@@PEAX@std@@AEAPEAU12@@?$_Wrap_alloc@V?$allocator@U?$_List_node@VSection@IniFile@@PEAX@std@@@std@@@std@@QEAAXPEAPEAU?$_List_node@VSection@IniFile@@PEAX@1@AEAPEAU21@@Z 0000000180049de0 f i Config.obj
 0002:00016e40       ??$construct@PEAU?$_List_node@VSection@IniFile@@PEAX@std@@AEAPEAU12@@?$allocator@U?$_List_node@VSection@IniFile@@PEAX@std@@@std@@QEAAXPEAPEAU?$_List_node@VSection@IniFile@@PEAX@1@AEAPEAU21@@Z 0000000180049e40 f i Config.obj
 0002:00016ee0       ??$construct@PEAU?$_List_node@VSection@IniFile@@PEAX@std@@AEAPEAU12@@?$allocator_traits@V?$allocator@U?$_List_node@VSection@IniFile@@PEAX@std@@@std@@@std@@SAXAEAV?$allocator@U?$_List_node@VSection@IniFile@@PEAX@std@@@1@PEAPEAU?$_List_node@VSection@IniFile@@PEAX@1@AEAPEAU31@@Z 0000000180049ee0 f i Config.obj
 0002:00016f40       ??$construct@PEAU?$_Tree_node@U?$pair@$$CBV?$basic_string@DU?$char_traits@D@std@@V?$allocator@D@2@@std@@V12@@std@@PEAX@std@@AEAPEAU12@@?$_Wrap_alloc@V?$allocator@U?$_Tree_node@U?$pair@$$CBV?$basic_string@DU?$char_traits@D@std@@V?$allocator@D@2@@std@@V12@@std@@PEAX@std@@@std@@@std@@QEAAXPEAPEAU?$_Tree_node@U?$pair@$$CBV?$basic_string@DU?$char_traits@D@std@@V?$allocator@D@2@@std@@V12@@std@@PEAX@1@AEAPEAU21@@Z 0000000180049f40 f i Config.obj
 0002:00016fa0       ??$construct@PEAU?$_Tree_node@U?$pair@$$CBV?$basic_string@DU?$char_traits@D@std@@V?$allocator@D@2@@std@@V12@@std@@PEAX@std@@AEAPEAU12@@?$allocator@U?$_Tree_node@U?$pair@$$CBV?$basic_string@DU?$char_traits@D@std@@V?$allocator@D@2@@std@@V12@@std@@PEAX@std@@@std@@QEAAXPEAPEAU?$_Tree_node@U?$pair@$$CBV?$basic_string@DU?$char_traits@D@std@@V?$allocator@D@2@@std@@V12@@std@@PEAX@1@AEAPEAU21@@Z 0000000180049fa0 f i Config.obj
 0002:00017040       ??$construct@PEAU?$_Tree_node@U?$pair@$$CBV?$basic_string@DU?$char_traits@D@std@@V?$allocator@D@2@@std@@V12@@std@@PEAX@std@@AEAPEAU12@@?$allocator_traits@V?$allocator@U?$_Tree_node@U?$pair@$$CBV?$basic_string@DU?$char_traits@D@std@@V?$allocator@D@2@@std@@V12@@std@@PEAX@std@@@std@@@std@@SAXAEAV?$allocator@U?$_Tree_node@U?$pair@$$CBV?$basic_string@DU?$char_traits@D@std@@V?$allocator@D@2@@std@@V12@@std@@PEAX@std@@@1@PEAPEAU?$_Tree_node@U?$pair@$$CBV?$basic_string@DU?$char_traits@D@std@@V?$allocator@D@2@@std@@V12@@std@@PEAX@1@AEAPEAU31@@Z 000000018004a040 f i Config.obj
 0002:000170a0       ??$construct@V?$shared_ptr@VControllerBase@@@std@@V12@@?$_Wrap_alloc@V?$allocator@V?$shared_ptr@VControllerBase@@@std@@@std@@@std@@QEAAXPEAV?$shared_ptr@VControllerBase@@@1@$$QEAV21@@Z 000000018004a0a0 f i Config.obj
 0002:00017100       ??$construct@V?$shared_ptr@VControllerBase@@@std@@V12@@?$allocator@V?$shared_ptr@VControllerBase@@@std@@@std@@QEAAXPEAV?$shared_ptr@VControllerBase@@@1@$$QEAV21@@Z 000000018004a100 f i Config.obj
 0002:00017190       ??$construct@V?$shared_ptr@VControllerBase@@@std@@V12@@?$allocator_traits@V?$allocator@V?$shared_ptr@VControllerBase@@@std@@@std@@@std@@SAXAEAV?$allocator@V?$shared_ptr@VControllerBase@@@std@@@1@PEAV?$shared_ptr@VControllerBase@@@1@$$QEAV31@@Z 000000018004a190 f i Config.obj
 0002:000171f0       ??$destroy@PEAU?$_List_node@VSection@IniFile@@PEAX@std@@@?$_Wrap_alloc@V?$allocator@U?$_List_node@VSection@IniFile@@PEAX@std@@@std@@@std@@QEAAXPEAPEAU?$_List_node@VSection@IniFile@@PEAX@1@@Z 000000018004a1f0 f i Config.obj
 0002:00017240       ??$destroy@PEAU?$_List_node@VSection@IniFile@@PEAX@std@@@?$allocator@U?$_List_node@VSection@IniFile@@PEAX@std@@@std@@QEAAXPEAPEAU?$_List_node@VSection@IniFile@@PEAX@1@@Z 000000018004a240 f i Config.obj
 0002:00017250       ??$destroy@PEAU?$_List_node@VSection@IniFile@@PEAX@std@@@?$allocator_traits@V?$allocator@U?$_List_node@VSection@IniFile@@PEAX@std@@@std@@@std@@SAXAEAV?$allocator@U?$_List_node@VSection@IniFile@@PEAX@std@@@1@PEAPEAU?$_List_node@VSection@IniFile@@PEAX@1@@Z 000000018004a250 f i Config.obj
 0002:000172a0       ??$destroy@PEAU?$_Tree_node@U?$pair@$$CBV?$basic_string@DU?$char_traits@D@std@@V?$allocator@D@2@@std@@V12@@std@@PEAX@std@@@?$_Wrap_alloc@V?$allocator@U?$_Tree_node@U?$pair@$$CBV?$basic_string@DU?$char_traits@D@std@@V?$allocator@D@2@@std@@V12@@std@@PEAX@std@@@std@@@std@@QEAAXPEAPEAU?$_Tree_node@U?$pair@$$CBV?$basic_string@DU?$char_traits@D@std@@V?$allocator@D@2@@std@@V12@@std@@PEAX@1@@Z 000000018004a2a0 f i Config.obj
 0002:000172f0       ??$destroy@PEAU?$_Tree_node@U?$pair@$$CBV?$basic_string@DU?$char_traits@D@std@@V?$allocator@D@2@@std@@V12@@std@@PEAX@std@@@?$allocator@U?$_Tree_node@U?$pair@$$CBV?$basic_string@DU?$char_traits@D@std@@V?$allocator@D@2@@std@@V12@@std@@PEAX@std@@@std@@QEAAXPEAPEAU?$_Tree_node@U?$pair@$$CBV?$basic_string@DU?$char_traits@D@std@@V?$allocator@D@2@@std@@V12@@std@@PEAX@1@@Z 000000018004a2f0 f i Config.obj
[...]
 0006:00000228       __imp_RtlCaptureContext    00000001800d9228     kernel32:KERNEL32.dll
 0006:00000230       __imp_RtlLookupFunctionEntry 00000001800d9230     kernel32:KERNEL32.dll
 0006:00000238       __imp_RtlVirtualUnwind     00000001800d9238     kernel32:KERNEL32.dll
 0006:00000240       __imp_UnhandledExceptionFilter 00000001800d9240     kernel32:KERNEL32.dll
 0006:00000248       __imp_SetUnhandledExceptionFilter 00000001800d9248     kernel32:KERNEL32.dll
 0006:00000250       __imp_MultiByteToWideChar  00000001800d9250     kernel32:KERNEL32.dll
 0006:00000258       __imp_TerminateProcess     00000001800d9258     kernel32:KERNEL32.dll
 0006:00000260       __imp_IsProcessorFeaturePresent 00000001800d9260     kernel32:KERNEL32.dll
 0006:00000268       __imp_EnterCriticalSection 00000001800d9268     kernel32:KERNEL32.dll
 0006:00000270       __imp_LeaveCriticalSection 00000001800d9270     kernel32:KERNEL32.dll
 0006:00000278       __imp_DeleteCriticalSection 00000001800d9278     kernel32:KERNEL32.dll
 0006:00000280       __imp_SetEvent             00000001800d9280     kernel32:KERNEL32.dll
 0006:00000288       __imp_ResetEvent           00000001800d9288     kernel32:KERNEL32.dll
 0006:00000290       __imp_GetStartupInfoW      00000001800d9290     kernel32:KERNEL32.dll
 0006:00000298       __imp_RaiseException       00000001800d9298     kernel32:KERNEL32.dll
 0006:000002a0       __imp_IsDebuggerPresent    00000001800d92a0     kernel32:KERNEL32.dll
 0006:000002a8       __imp_CreateEventW         00000001800d92a8     kernel32:KERNEL32.dll
 0006:000002b0       __imp_WaitForSingleObjectEx 00000001800d92b0     kernel32:KERNEL32.dll
 0006:000002b8       \177KERNEL32_NULL_THUNK_DATA 00000001800d92b8     kernel32:KERNEL32.dll
 0006:00000388       __imp_?_BADOFF@std@@3_JB   00000001800d9388     msvcprtd:MSVCP140D.dll
 0006:00000390       __imp_?xsputn@?$basic_streambuf@DU?$char_traits@D@std@@@std@@MEAA_JPEBD_J@Z 00000001800d9390     msvcprtd:MSVCP140D.dll
 0006:00000398       __imp_?xsgetn@?$basic_streambuf@DU?$char_traits@D@std@@@std@@MEAA_JPEAD_J@Z 00000001800d9398     msvcprtd:MSVCP140D.dll
 0006:000003a0       __imp_?uflow@?$basic_streambuf@DU?$char_traits@D@std@@@std@@MEAAHXZ 00000001800d93a0     msvcprtd:MSVCP140D.dll
 0006:000003a8       __imp_?sync@?$basic_streambuf@DU?$char_traits@D@std@@@std@@MEAAHXZ 00000001800d93a8     msvcprtd:MSVCP140D.dll
 0006:000003b0       __imp_?showmanyc@?$basic_streambuf@DU?$char_traits@D@std@@@std@@MEAA_JXZ 00000001800d93b0     msvcprtd:MSVCP140D.dll
 0006:000003b8       __imp_?imbue@?$basic_streambuf@DU?$char_traits@D@std@@@std@@MEAAXAEBVlocale@2@@Z 00000001800d93b8     msvcprtd:MSVCP140D.dll
 0006:000003c0       __imp_?_Unlock@?$basic_streambuf@DU?$char_traits@D@std@@@std@@UEAAXXZ 00000001800d93c0     msvcprtd:MSVCP140D.dll
 0006:000003c8       __imp_?_Lock@?$basic_streambuf@DU?$char_traits@D@std@@@std@@UEAAXXZ 00000001800d93c8     msvcprtd:MSVCP140D.dll
 0006:000003d0       __imp_??1?$basic_iostream@DU?$char_traits@D@std@@@std@@UEAA@XZ 00000001800d93d0     msvcprtd:MSVCP140D.dll
 0006:000003d8       __imp_??0?$basic_iostream@DU?$char_traits@D@std@@@std@@QEAA@PEAV?$basic_streambuf@DU?$char_traits@D@std@@@1@@Z 00000001800d93d8     msvcprtd:MSVCP140D.dll
 0006:000003e0       __imp_?flush@?$basic_ostream@DU?$char_traits@D@std@@@std@@QEAAAEAV12@XZ 00000001800d93e0     msvcprtd:MSVCP140D.dll
 0006:000003e8       __imp_?put@?$basic_ostream@DU?$char_traits@D@std@@@std@@QEAAAEAV12@D@Z 00000001800d93e8     msvcprtd:MSVCP140D.dll
 0006:000003f0       __imp_??6?$basic_ostream@DU?$char_traits@D@std@@@std@@QEAAAEAV01@P6AAEAV01@AEAV01@@Z@Z 00000001800d93f0     msvcprtd:MSVCP140D.dll
 0006:000003f8       __imp_?_Osfx@?$basic_ostream@DU?$char_traits@D@std@@@std@@QEAAXXZ 00000001800d93f8     msvcprtd:MSVCP140D.dll
 0006:00000400       __imp_??0?$basic_ios@DU?$char_traits@D@std@@@std@@IEAA@XZ 00000001800d9400     msvcprtd:MSVCP140D.dll
 0006:00000408       __imp_?widen@?$basic_ios@DU?$char_traits@D@std@@@std@@QEBADD@Z 00000001800d9408     msvcprtd:MSVCP140D.dll
 0006:00000410       __imp_?fill@?$basic_ios@DU?$char_traits@D@std@@@std@@QEBADXZ 00000001800d9410     msvcprtd:MSVCP140D.dll
 0006:00000418       __imp_?rdbuf@?$basic_ios@DU?$char_traits@D@std@@@std@@QEBAPEAV?$basic_streambuf@DU?$char_traits@D@std@@@2@XZ 00000001800d9418     msvcprtd:MSVCP140D.dll
 0006:00000420       __imp_?tie@?$basic_ios@DU?$char_traits@D@std@@@std@@QEBAPEAV?$basic_ostream@DU?$char_traits@D@std@@@2@XZ 00000001800d9420     msvcprtd:MSVCP140D.dll
 0006:00000428       __imp_?setstate@?$basic_ios@DU?$char_traits@D@std@@@std@@QEAAXH_N@Z 00000001800d9428     msvcprtd:MSVCP140D.dll
 0006:00000430       __imp_??1?$basic_ios@DU?$char_traits@D@std@@@std@@UEAA@XZ 00000001800d9430     msvcprtd:MSVCP140D.dll
 0006:00000438       __imp_?_Pninc@?$basic_streambuf@DU?$char_traits@D@std@@@std@@IEAAPEADXZ 00000001800d9438     msvcprtd:MSVCP140D.dll
 0006:00000440       __imp_?setp@?$basic_streambuf@DU?$char_traits@D@std@@@std@@IEAAXPEAD00@Z 00000001800d9440     msvcprtd:MSVCP140D.dll
 0006:00000448       __imp_?setp@?$basic_streambuf@DU?$char_traits@D@std@@@std@@IEAAXPEAD0@Z 00000001800d9448     msvcprtd:MSVCP140D.dll
 0006:00000450       __imp_?pbump@?$basic_streambuf@DU?$char_traits@D@std@@@std@@IEAAXH@Z 00000001800d9450     msvcprtd:MSVCP140D.dll
 0006:00000458       __imp_?epptr@?$basic_streambuf@DU?$char_traits@D@std@@@std@@IEBAPEADXZ 00000001800d9458     msvcprtd:MSVCP140D.dll
 0006:00000460       __imp_?setg@?$basic_streambuf@DU?$char_traits@D@std@@@std@@IEAAXPEAD00@Z 00000001800d9460     msvcprtd:MSVCP140D.dll
 0006:00000468       __imp_?gbump@?$basic_streambuf@DU?$char_traits@D@std@@@std@@IEAAXH@Z 00000001800d9468     msvcprtd:MSVCP140D.dll
 0006:00000470       __imp_?egptr@?$basic_streambuf@DU?$char_traits@D@std@@@std@@IEBAPEADXZ 00000001800d9470     msvcprtd:MSVCP140D.dll
 0006:00000478       __imp_?pptr@?$basic_streambuf@DU?$char_traits@D@std@@@std@@IEBAPEADXZ 00000001800d9478     msvcprtd:MSVCP140D.dll
 0006:00000480       __imp_?pbase@?$basic_streambuf@DU?$char_traits@D@std@@@std@@IEBAPEADXZ 00000001800d9480     msvcprtd:MSVCP140D.dll
 0006:00000488       __imp_?gptr@?$basic_streambuf@DU?$char_traits@D@std@@@std@@IEBAPEADXZ 00000001800d9488     msvcprtd:MSVCP140D.dll
 0006:00000490       __imp_?eback@?$basic_streambuf@DU?$char_traits@D@std@@@std@@IEBAPEADXZ 00000001800d9490     msvcprtd:MSVCP140D.dll
 0006:00000498       __imp_?sputn@?$basic_streambuf@DU?$char_traits@D@std@@@std@@QEAA_JPEBD_J@Z 00000001800d9498     msvcprtd:MSVCP140D.dll
 0006:000004a0       __imp_?sputc@?$basic_streambuf@DU?$char_traits@D@std@@@std@@QEAAHD@Z 00000001800d94a0     msvcprtd:MSVCP140D.dll
 0006:000004a8       __imp_??0_Lockit@std@@QEAA@H@Z 00000001800d94a8     msvcprtd:MSVCP140D.dll
 0006:000004b0       __imp_??1?$basic_streambuf@DU?$char_traits@D@std@@@std@@UEAA@XZ 00000001800d94b0     msvcprtd:MSVCP140D.dll
 0006:000004b8       __imp_??0?$basic_streambuf@DU?$char_traits@D@std@@@std@@IEAA@XZ 00000001800d94b8     msvcprtd:MSVCP140D.dll
 0006:000004c0       __imp_?width@ios_base@std@@QEAA_J_J@Z 00000001800d94c0     msvcprtd:MSVCP140D.dll
 0006:000004c8       __imp_?width@ios_base@std@@QEBA_JXZ 00000001800d94c8     msvcprtd:MSVCP140D.dll
 0006:000004d0       __imp_?flags@ios_base@std@@QEBAHXZ 00000001800d94d0     msvcprtd:MSVCP140D.dll
 0006:000004d8       __imp_?good@ios_base@std@@QEBA_NXZ 00000001800d94d8     msvcprtd:MSVCP140D.dll
 0006:000004e0       __imp_?uncaught_exception@std@@YA_NXZ 00000001800d94e0     msvcprtd:MSVCP140D.dll
 0006:000004e8       __imp_?_Xout_of_range@std@@YAXPEBD@Z 00000001800d94e8     msvcprtd:MSVCP140D.dll
 0006:000004f0       __imp_?_Xlength_error@std@@YAXPEBD@Z 00000001800d94f0     msvcprtd:MSVCP140D.dll
 0006:000004f8       __imp_?_Xbad_alloc@std@@YAXXZ 00000001800d94f8     msvcprtd:MSVCP140D.dll
 0006:00000500       __imp_?_Debug_message@std@@YAXPEB_W0I@Z 00000001800d9500     msvcprtd:MSVCP140D.dll
 0006:00000508       __imp_??1_Lockit@std@@QEAA@XZ 00000001800d9508     msvcprtd:MSVCP140D.dll
 0006:00000510       __imp_?setbuf@?$basic_streambuf@DU?$char_traits@D@std@@@std@@MEAAPEAV12@PEAD_J@Z 00000001800d9510     msvcprtd:MSVCP140D.dll
 0006:00000518       \177MSVCP140D_NULL_THUNK_DATA 00000001800d9518     msvcprtd:MSVCP140D.dll
 0006:000005c0       __imp_SysReAllocString     00000001800d95c0     oleaut32:OLEAUT32.dll
 0006:000005c8       \177OLEAUT32_NULL_THUNK_DATA 00000001800d95c8     oleaut32:OLEAUT32.dll
 0006:00000620       __imp_SetupDiGetDeviceInstanceIdW 00000001800d9620     Setupapi:SETUPAPI.dll
 0006:00000628       \177SETUPAPI_NULL_THUNK_DATA 00000001800d9628     Setupapi:SETUPAPI.dll
 0006:00000680       __imp_SHGetFolderPathA     00000001800d9680     shell32:SHELL32.dll
 0006:00000688       \177SHELL32_NULL_THUNK_DATA 00000001800d9688     shell32:SHELL32.dll
 0006:000006e0       __imp_PathRemoveFileSpecA  00000001800d96e0     Shlwapi:SHLWAPI.dll
 0006:000006e8       __imp_PathIsRelativeA      00000001800d96e8     Shlwapi:SHLWAPI.dll
 0006:000006f0       __imp_PathRemoveFileSpecW  00000001800d96f0     Shlwapi:SHLWAPI.dll
 0006:000006f8       __imp_PathCombineW         00000001800d96f8     Shlwapi:SHLWAPI.dll
 0006:00000700       __imp_PathCombineA         00000001800d9700     Shlwapi:SHLWAPI.dll
 0006:00000708       __imp_PathAppendA          00000001800d9708     Shlwapi:SHLWAPI.dll
 0006:00000710       __imp_PathFindFileNameW    00000001800d9710     Shlwapi:SHLWAPI.dll
 0006:00000718       __imp_PathFindFileNameA    00000001800d9718     Shlwapi:SHLWAPI.dll
 0006:00000720       \177SHLWAPI_NULL_THUNK_DATA 00000001800d9720     Shlwapi:SHLWAPI.dll
 0006:00000780       __imp_MessageBoxA          00000001800d9780     user32:USER32.dll
 0006:00000788       __imp_GetSystemMetrics     00000001800d9788     user32:USER32.dll
 0006:00000790       __imp_CreateWindowExA      00000001800d9790     user32:USER32.dll
 0006:00000798       __imp_DestroyWindow        00000001800d9798     user32:USER32.dll
 0006:000007a0       __imp_MessageBeep          00000001800d97a0     user32:USER32.dll
 0006:000007a8       \177USER32_NULL_THUNK_DATA 00000001800d97a8     user32:USER32.dll
 0006:00000808       __imp___std_exception_destroy 00000001800d9808     vcruntimed:VCRUNTIME140D.dll
 0006:00000810       __imp___std_type_info_destroy_list 00000001800d9810     vcruntimed:VCRUNTIME140D.dll
 0006:00000818       __imp_memset               00000001800d9818     vcruntimed:VCRUNTIME140D.dll
 0006:00000820       __imp_memmove              00000001800d9820     vcruntimed:VCRUNTIME140D.dll
 0006:00000828       __imp_memcpy               00000001800d9828     vcruntimed:VCRUNTIME140D.dll
 0006:00000830       __imp___vcrt_GetModuleFileNameW 00000001800d9830     vcruntimed:VCRUNTIME140D.dll
 0006:00000838       __imp___vcrt_GetModuleHandleW 00000001800d9838     vcruntimed:VCRUNTIME140D.dll
 0006:00000840       __imp___vcrt_LoadLibraryExW 00000001800d9840     vcruntimed:VCRUNTIME140D.dll
 0006:00000848       __imp__purecall            00000001800d9848     vcruntimed:VCRUNTIME140D.dll
 0006:00000850       __imp__CxxThrowException   00000001800d9850     vcruntimed:VCRUNTIME140D.dll
 0006:00000858       __imp___CxxFrameHandler3   00000001800d9858     vcruntimed:VCRUNTIME140D.dll
 0006:00000860       __imp_memcmp               00000001800d9860     vcruntimed:VCRUNTIME140D.dll
 0006:00000868       __imp___RTDynamicCast      00000001800d9868     vcruntimed:VCRUNTIME140D.dll
 0006:00000870       __imp_strchr               00000001800d9870     vcruntimed:VCRUNTIME140D.dll
 0006:00000878       __imp_wcschr               00000001800d9878     vcruntimed:VCRUNTIME140D.dll
 0006:00000880       __imp_memchr               00000001800d9880     vcruntimed:VCRUNTIME140D.dll
 0006:00000888       __imp_wcsrchr              00000001800d9888     vcruntimed:VCRUNTIME140D.dll
 0006:00000890       __imp_wcsstr               00000001800d9890     vcruntimed:VCRUNTIME140D.dll
 0006:00000898       __imp___C_specific_handler 00000001800d9898     vcruntimed:VCRUNTIME140D.dll
 0006:000008a0       __imp___vcrt_InitializeCriticalSectionEx 00000001800d98a0     vcruntimed:VCRUNTIME140D.dll
 0006:000008a8       __imp___std_exception_copy 00000001800d98a8     vcruntimed:VCRUNTIME140D.dll
 0006:000008b0       \177VCRUNTIME140D_NULL_THUNK_DATA 00000001800d98b0     vcruntimed:VCRUNTIME140D.dll
 0006:00000928       __imp_WinVerifyTrust       00000001800d9928     wintrust:WINTRUST.dll
 0006:00000930       \177WINTRUST_NULL_THUNK_DATA 00000001800d9930     wintrust:WINTRUST.dll
 0006:00000988       __imp_CoUninitialize       00000001800d9988     ole32:ole32.dll
 0006:00000990       __imp_CoGetClassObject     00000001800d9990     ole32:ole32.dll
 0006:00000998       __imp_CoCreateInstanceEx   00000001800d9998     ole32:ole32.dll
 0006:000009a0       __imp_CoCreateInstance     00000001800d99a0     ole32:ole32.dll
 0006:000009a8       \177ole32_NULL_THUNK_DATA  00000001800d99a8     ole32:ole32.dll
 0006:00000a00       __imp_strtol               00000001800d9a00     ucrtd:ucrtbased.dll
 0006:00000a08       __imp_strtof               00000001800d9a08     ucrtd:ucrtbased.dll
 0006:00000a10       __imp__errno               00000001800d9a10     ucrtd:ucrtbased.dll
 0006:00000a18       __imp_sqrtf                00000001800d9a18     ucrtd:ucrtbased.dll
 0006:00000a20       __imp_fabs                 00000001800d9a20     ucrtd:ucrtbased.dll
 0006:00000a28       __imp_abs                  00000001800d9a28     ucrtd:ucrtbased.dll
 0006:00000a30       __imp_strlen               00000001800d9a30     ucrtd:ucrtbased.dll
 0006:00000a38       __imp__CrtDbgReportW       00000001800d9a38     ucrtd:ucrtbased.dll
 0006:00000a40       __imp___stdio_common_vsprintf_s 00000001800d9a40     ucrtd:ucrtbased.dll
 0006:00000a48       __imp___stdio_common_vsprintf 00000001800d9a48     ucrtd:ucrtbased.dll
 0006:00000a50       __imp_exit                 00000001800d9a50     ucrtd:ucrtbased.dll
 0006:00000a58       __imp__invalid_parameter   00000001800d9a58     ucrtd:ucrtbased.dll
 0006:00000a60       __imp_strtoll              00000001800d9a60     ucrtd:ucrtbased.dll
 0006:00000a68       __imp_strtoul              00000001800d9a68     ucrtd:ucrtbased.dll
 0006:00000a70       __imp_strtoull             00000001800d9a70     ucrtd:ucrtbased.dll
 0006:00000a78       __imp___stdio_common_vsnwprintf_s 00000001800d9a78     ucrtd:ucrtbased.dll
 0006:00000a80       __imp___stdio_common_vsnprintf_s 00000001800d9a80     ucrtd:ucrtbased.dll
 0006:00000a88       __imp_wcslen               00000001800d9a88     ucrtd:ucrtbased.dll
 0006:00000a90       __imp__stricmp             00000001800d9a90     ucrtd:ucrtbased.dll
 0006:00000a98       __imp__create_locale       00000001800d9a98     ucrtd:ucrtbased.dll
 0006:00000aa0       __imp___stdio_common_vswprintf_s 00000001800d9aa0     ucrtd:ucrtbased.dll
 0006:00000aa8       __imp___stdio_common_vswscanf 00000001800d9aa8     ucrtd:ucrtbased.dll
 0006:00000ab0       __imp___stdio_common_vsscanf 00000001800d9ab0     ucrtd:ucrtbased.dll
 0006:00000ab8       __imp__beginthreadex       00000001800d9ab8     ucrtd:ucrtbased.dll
 0006:00000ac0       __imp__endthreadex         00000001800d9ac0     ucrtd:ucrtbased.dll
 0006:00000ac8       __imp_towlower             00000001800d9ac8     ucrtd:ucrtbased.dll
 0006:00000ad0       __imp_tolower              00000001800d9ad0     ucrtd:ucrtbased.dll
 0006:00000ad8       __imp_wcscpy_s             00000001800d9ad8     ucrtd:ucrtbased.dll
 0006:00000ae0       __imp_strcpy_s             00000001800d9ae0     ucrtd:ucrtbased.dll
 0006:00000ae8       __imp__callnewh            00000001800d9ae8     ucrtd:ucrtbased.dll
 0006:00000af0       __imp__wsplitpath_s        00000001800d9af0     ucrtd:ucrtbased.dll
 0006:00000af8       __imp__wmakepath_s         00000001800d9af8     ucrtd:ucrtbased.dll
 0006:00000b00       __imp_terminate            00000001800d9b00     ucrtd:ucrtbased.dll
 0006:00000b08       __imp__initterm_e          00000001800d9b08     ucrtd:ucrtbased.dll
 0006:00000b10       __imp__initterm            00000001800d9b10     ucrtd:ucrtbased.dll
 0006:00000b18       __imp__CrtDbgReport        00000001800d9b18     ucrtd:ucrtbased.dll
 0006:00000b20       __imp__cexit               00000001800d9b20     ucrtd:ucrtbased.dll
 0006:00000b28       __imp__crt_at_quick_exit   00000001800d9b28     ucrtd:ucrtbased.dll
 0006:00000b30       __imp__crt_atexit          00000001800d9b30     ucrtd:ucrtbased.dll
 0006:00000b38       __imp__execute_onexit_table 00000001800d9b38     ucrtd:ucrtbased.dll
 0006:00000b40       __imp__register_onexit_function 00000001800d9b40     ucrtd:ucrtbased.dll
 0006:00000b48       __imp__initialize_onexit_table 00000001800d9b48     ucrtd:ucrtbased.dll
 0006:00000b50       __imp__initialize_narrow_environment 00000001800d9b50     ucrtd:ucrtbased.dll
 0006:00000b58       __imp__configure_narrow_argv 00000001800d9b58     ucrtd:ucrtbased.dll
 0006:00000b60       __imp__seh_filter_dll      00000001800d9b60     ucrtd:ucrtbased.dll
 0006:00000b68       __imp__free_dbg            00000001800d9b68     ucrtd:ucrtbased.dll
 0006:00000b70       __imp_strtod               00000001800d9b70     ucrtd:ucrtbased.dll
 0006:00000b78       __imp_malloc               00000001800d9b78     ucrtd:ucrtbased.dll
 0006:00000b80       __imp___stdio_common_vswprintf 00000001800d9b80     ucrtd:ucrtbased.dll
 0006:00000b88       \177ucrtbased_NULL_THUNK_DATA 00000001800d9b88     ucrtd:ucrtbased.dll
 0006:00000c28       __imp_?g_vld@@3VVisualLeakDetector@@A 00000001800d9c28     vld:vld_x64.dll
 0006:00000c30       \177vld_x64_NULL_THUNK_DATA 00000001800d9c30     vld:vld_x64.dll
 0006:00000c88       __IMPORT_DESCRIPTOR_DINPUT8 00000001800d9c88     dinput8:DINPUT8.dll
 0006:00000c9c       __IMPORT_DESCRIPTOR_KERNEL32 00000001800d9c9c     kernel32:KERNEL32.dll
 0006:00000cb0       __IMPORT_DESCRIPTOR_USER32 00000001800d9cb0     user32:USER32.dll
 0006:00000cc4       __IMPORT_DESCRIPTOR_MSVCP140D 00000001800d9cc4     msvcprtd:MSVCP140D.dll
 0006:00000cd8       __IMPORT_DESCRIPTOR_vld_x64 00000001800d9cd8     vld:vld_x64.dll
 0006:00000cec       __IMPORT_DESCRIPTOR_SETUPAPI 00000001800d9cec     Setupapi:SETUPAPI.dll
 0006:00000d00       __IMPORT_DESCRIPTOR_VCRUNTIME140D 00000001800d9d00     vcruntimed:VCRUNTIME140D.dll
 0006:00000d14       __IMPORT_DESCRIPTOR_ucrtbased 00000001800d9d14     ucrtd:ucrtbased.dll
 0006:00000d28       __IMPORT_DESCRIPTOR_WINTRUST 00000001800d9d28     wintrust:WINTRUST.dll
 0006:00000d3c       __IMPORT_DESCRIPTOR_SHLWAPI 00000001800d9d3c     Shlwapi:SHLWAPI.dll
 0006:00000d50       __IMPORT_DESCRIPTOR_SHELL32 00000001800d9d50     shell32:SHELL32.dll
 0006:00000d64       __IMPORT_DESCRIPTOR_ole32  00000001800d9d64     ole32:ole32.dll
 0006:00000d78       __IMPORT_DESCRIPTOR_OLEAUT32 00000001800d9d78     oleaut32:OLEAUT32.dll
 0006:00000d8c       __NULL_IMPORT_DESCRIPTOR   00000001800d9d8c     dinput8:DINPUT8.dll
 0007:00000000       _tls_start                 00000001800dd000     MSVCRTD:tlssup.obj
 0007:00000104       _Init_thread_epoch         00000001800dd104     MSVCRTD:thread_safe_statics.obj
 0007:00000208       _tls_end                   00000001800dd208     MSVCRTD:tlssup.obj
 0009:00000000       __guard_check_icall_fptr   00000001800df000     MSVCRTD:guard_support.obj
 0009:00000010       __guard_dispatch_icall_fptr 00000001800df010     MSVCRTD:guard_support.obj

 Exports

  ordinal    name

        1    DllMain
        2    XInputGetState
        3    XInputSetState
        4    XInputGetCapabilities
        5    XInputEnable
        6    XInputGetDSoundAudioDeviceGuids
        7    XInputGetBatteryInformation
        8    XInputGetKeystroke
       10    XInputGetAudioDeviceIds
      100    XInputGetStateEx
      101    XInputWaitForGuideButton
      102    XInputCancelGuideButtonWait
      103    XInputPowerOffController
      104    XInputGetBaseBusInformation
      108    XInputGetCapabilitiesEx
      256    Reset
